Archive member included to satisfy reference by file (symbol)

D:/TEMPD/NXP/MCUXpressoIDE_24.9.25/ide/tools/bin/../lib/gcc/arm-none-eabi/13.2.1/thumb/v7e-m+dp/hard\libgcc.a(_aeabi_ldivmod.o)
                              CMakeFiles/lvgl_guider.elf.dir/C_/NXP/GUI-Guider-Projects/NXP_watermachine/sdk/Core/source/freertos_libraries/freertos_plus/standard/freertos_plus_posix/source/FreeRTOS_POSIX_utils.c.obj (__aeabi_ldivmod)
D:/TEMPD/NXP/MCUXpressoIDE_24.9.25/ide/tools/bin/../lib/gcc/arm-none-eabi/13.2.1/thumb/v7e-m+dp/hard\libgcc.a(_aeabi_uldivmod.o)
                              CMakeFiles/lvgl_guider.elf.dir/C_/NXP/GUI-Guider-Projects/NXP_watermachine/sdk/Core/source/lvgl_demo_utils.c.obj (__aeabi_uldivmod)
D:/TEMPD/NXP/MCUXpressoIDE_24.9.25/ide/tools/bin/../lib/gcc/arm-none-eabi/13.2.1/thumb/v7e-m+dp/hard\libgcc.a(_udivmoddi4.o)
                              D:/TEMPD/NXP/MCUXpressoIDE_24.9.25/ide/tools/bin/../lib/gcc/arm-none-eabi/13.2.1/thumb/v7e-m+dp/hard\libgcc.a(_aeabi_ldivmod.o) (__udivmoddi4)
D:/TEMPD/NXP/MCUXpressoIDE_24.9.25/ide/tools/bin/../lib/gcc/arm-none-eabi/13.2.1/thumb/v7e-m+dp/hard\libgcc.a(_dvmd_tls.o)
                              D:/TEMPD/NXP/MCUXpressoIDE_24.9.25/ide/tools/bin/../lib/gcc/arm-none-eabi/13.2.1/thumb/v7e-m+dp/hard\libgcc.a(_aeabi_ldivmod.o) (__aeabi_ldiv0)
D:/TEMPD/NXP/MCUXpressoIDE_24.9.25/ide/tools/bin/../lib/gcc/arm-none-eabi/13.2.1/thumb/v7e-m+dp/hard\libc_nano.a(libc_a-abs.o)
                              CMakeFiles/lvgl_guider.elf.dir/C_/NXP/GUI-Guider-Projects/NXP_watermachine/sdk/Core/lvgl/lvgl/src/extra/libs/qrcode/qrcodegen.c.obj (abs)
D:/TEMPD/NXP/MCUXpressoIDE_24.9.25/ide/tools/bin/../lib/gcc/arm-none-eabi/13.2.1/thumb/v7e-m+dp/hard\libc_nano.a(libc_a-exit.o)
                              D:/TEMPD/NXP/MCUXpressoIDE_24.9.25/ide/tools/bin/../lib/gcc/arm-none-eabi/13.2.1/thumb/v7e-m+dp/hard/crt0.o (exit)
D:/TEMPD/NXP/MCUXpressoIDE_24.9.25/ide/tools/bin/../lib/gcc/arm-none-eabi/13.2.1/thumb/v7e-m+dp/hard\libc_nano.a(libc_a-labs.o)
                              CMakeFiles/lvgl_guider.elf.dir/C_/NXP/GUI-Guider-Projects/NXP_watermachine/sdk/Core/lvgl/lvgl/src/extra/libs/qrcode/qrcodegen.c.obj (labs)
D:/TEMPD/NXP/MCUXpressoIDE_24.9.25/ide/tools/bin/../lib/gcc/arm-none-eabi/13.2.1/thumb/v7e-m+dp/hard\libc_nano.a(libc_a-malloc.o)
                              CMakeFiles/lvgl_guider.elf.dir/C_/NXP/GUI-Guider-Projects/NXP_watermachine/sdk/Core/drivers/fsl_common.c.obj (malloc)
D:/TEMPD/NXP/MCUXpressoIDE_24.9.25/ide/tools/bin/../lib/gcc/arm-none-eabi/13.2.1/thumb/v7e-m+dp/hard\libc_nano.a(libc_a-mallocr.o)
                              D:/TEMPD/NXP/MCUXpressoIDE_24.9.25/ide/tools/bin/../lib/gcc/arm-none-eabi/13.2.1/thumb/v7e-m+dp/hard\libc_nano.a(libc_a-malloc.o) (_malloc_r)
D:/TEMPD/NXP/MCUXpressoIDE_24.9.25/ide/tools/bin/../lib/gcc/arm-none-eabi/13.2.1/thumb/v7e-m+dp/hard\libc_nano.a(libc_a-mlock.o)
                              D:/TEMPD/NXP/MCUXpressoIDE_24.9.25/ide/tools/bin/../lib/gcc/arm-none-eabi/13.2.1/thumb/v7e-m+dp/hard\libc_nano.a(libc_a-mallocr.o) (__malloc_lock)
D:/TEMPD/NXP/MCUXpressoIDE_24.9.25/ide/tools/bin/../lib/gcc/arm-none-eabi/13.2.1/thumb/v7e-m+dp/hard\libc_nano.a(libc_a-strtoul.o)
                              CMakeFiles/lvgl_guider.elf.dir/C_/NXP/GUI-Guider-Projects/NXP_watermachine/sdk/Core/utilities/fsl_str.c.obj (strtoul)
D:/TEMPD/NXP/MCUXpressoIDE_24.9.25/ide/tools/bin/../lib/gcc/arm-none-eabi/13.2.1/thumb/v7e-m+dp/hard\libc_nano.a(libc_a-ctype_.o)
                              D:/TEMPD/NXP/MCUXpressoIDE_24.9.25/ide/tools/bin/../lib/gcc/arm-none-eabi/13.2.1/thumb/v7e-m+dp/hard\libc_nano.a(libc_a-strtoul.o) (_ctype_)
D:/TEMPD/NXP/MCUXpressoIDE_24.9.25/ide/tools/bin/../lib/gcc/arm-none-eabi/13.2.1/thumb/v7e-m+dp/hard\libc_nano.a(libc_a-findfp.o)
                              D:/TEMPD/NXP/MCUXpressoIDE_24.9.25/ide/tools/bin/../lib/gcc/arm-none-eabi/13.2.1/thumb/v7e-m+dp/hard\libc_nano.a(libc_a-exit.o) (__stdio_exit_handler)
D:/TEMPD/NXP/MCUXpressoIDE_24.9.25/ide/tools/bin/../lib/gcc/arm-none-eabi/13.2.1/thumb/v7e-m+dp/hard\libc_nano.a(libc_a-fwalk.o)
                              D:/TEMPD/NXP/MCUXpressoIDE_24.9.25/ide/tools/bin/../lib/gcc/arm-none-eabi/13.2.1/thumb/v7e-m+dp/hard\libc_nano.a(libc_a-findfp.o) (_fwalk_sglue)
D:/TEMPD/NXP/MCUXpressoIDE_24.9.25/ide/tools/bin/../lib/gcc/arm-none-eabi/13.2.1/thumb/v7e-m+dp/hard\libc_nano.a(libc_a-snprintf.o)
                              CMakeFiles/lvgl_guider.elf.dir/C_/NXP/GUI-Guider-Projects/NXP_watermachine/sdk/Core/freertos/freertos-kernel/tasks.c.obj (snprintf)
D:/TEMPD/NXP/MCUXpressoIDE_24.9.25/ide/tools/bin/../lib/gcc/arm-none-eabi/13.2.1/thumb/v7e-m+dp/hard\libc_nano.a(libc_a-stdio.o)
                              D:/TEMPD/NXP/MCUXpressoIDE_24.9.25/ide/tools/bin/../lib/gcc/arm-none-eabi/13.2.1/thumb/v7e-m+dp/hard\libc_nano.a(libc_a-findfp.o) (__sread)
[...]
Memory Configuration

Name             Origin             Length             Attributes
m_flash_config   0x60000000         0x00001000         xr
m_ivt            0x60001000         0x00001000         xr
m_interrupts     0x60002000         0x00000400         xr
m_text           0x60002400         0x007fdc00         xr
m_qacode         0x00000000         0x00020000         xr
m_data           0x80000000         0x00600000         rw
m_ncache         0x81e00000         0x00200000         rw
m_data2          0x20000000         0x00020000         rw
m_data3          0x20200000         0x000c0000         rw
m_heap           0x80600000         0x01800000         rw
*default*        0x00000000         0xffffffff

Linker script and memory map

LOAD D:/TEMPD/NXP/MCUXpressoIDE_24.9.25/ide/tools/bin/../lib/gcc/arm-none-eabi/13.2.1/thumb/v7e-m+dp/hard/crti.o
LOAD D:/TEMPD/NXP/MCUXpressoIDE_24.9.25/ide/tools/bin/../lib/gcc/arm-none-eabi/13.2.1/thumb/v7e-m+dp/hard/crtbegin.o
LOAD D:/TEMPD/NXP/MCUXpressoIDE_24.9.25/ide/tools/bin/../lib/gcc/arm-none-eabi/13.2.1/thumb/v7e-m+dp/hard/crt0.o
                0x00001000                        __stack_size__ = 0x1000
                0x01800000                        __heap_size__ = 0x1800000
LOAD CMakeFiles/lvgl_guider.elf.dir/C_/NXP/GUI-Guider-Projects/NXP_watermachine/sdk/Core/board/board.c.obj
LOAD CMakeFiles/lvgl_guider.elf.dir/C_/NXP/GUI-Guider-Projects/NXP_watermachine/sdk/Core/board/clock_config.c.obj
LOAD CMakeFiles/lvgl_guider.elf.dir/C_/NXP/GUI-Guider-Projects/NXP_watermachine/sdk/Core/board/dcd.c.obj
LOAD CMakeFiles/lvgl_guider.elf.dir/C_/NXP/GUI-Guider-Projects/NXP_watermachine/sdk/Core/board/lvgl_support.c.obj
LOAD CMakeFiles/lvgl_guider.elf.dir/C_/NXP/GUI-Guider-Projects/NXP_watermachine/sdk/Core/board/pin_mux.c.obj
LOAD CMakeFiles/lvgl_guider.elf.dir/C_/NXP/GUI-Guider-Projects/NXP_watermachine/sdk/Core/board/sdmmc_config.c.obj
LOAD CMakeFiles/lvgl_guider.elf.dir/C_/NXP/GUI-Guider-Projects/NXP_watermachine/sdk/Core/source/freertos_libraries/freertos_plus/standard/freertos_plus_posix/source/FreeRTOS_POSIX_clock.c.obj
LOAD CMakeFiles/lvgl_guider.elf.dir/C_/NXP/GUI-Guider-Projects/NXP_watermachine/sdk/Core/source/freertos_libraries/freertos_plus/standard/freertos_plus_posix/source/FreeRTOS_POSIX_mqueue.c.obj
LOAD CMakeFiles/lvgl_guider.elf.dir/C_/NXP/GUI-Guider-Projects/NXP_watermachine/sdk/Core/source/freertos_libraries/freertos_plus/standard/freertos_plus_posix/source/FreeRTOS_POSIX_pthread.c.obj
LOAD CMakeFiles/lvgl_guider.elf.dir/cca52ceb3a3eb498041a753e7a91a500/sdk/Core/source/freertos_libraries/freertos_plus/standard/freertos_plus_posix/source/FreeRTOS_POSIX_pthread_barrier.c.obj
LOAD CMakeFiles/lvgl_guider.elf.dir/cca52ceb3a3eb498041a753e7a91a500/sdk/Core/source/freertos_libraries/freertos_plus/standard/freertos_plus_posix/source/FreeRTOS_POSIX_pthread_cond.c.obj
LOAD CMakeFiles/lvgl_guider.elf.dir/cca52ceb3a3eb498041a753e7a91a500/sdk/Core/source/freertos_libraries/freertos_plus/standard/freertos_plus_posix/source/FreeRTOS_POSIX_pthread_mutex.c.obj
LOAD CMakeFiles/lvgl_guider.elf.dir/C_/NXP/GUI-Guider-Projects/NXP_watermachine/sdk/Core/source/freertos_libraries/freertos_plus/standard/freertos_plus_posix/source/FreeRTOS_POSIX_sched.c.obj
LOAD CMakeFiles/lvgl_guider.elf.dir/cca52ceb3a3eb498041a753e7a91a500/sdk/Core/source/freertos_libraries/freertos_plus/standard/freertos_plus_posix/source/FreeRTOS_POSIX_semaphore.c.obj
LOAD CMakeFiles/lvgl_guider.elf.dir/C_/NXP/GUI-Guider-Projects/NXP_watermachine/sdk/Core/source/freertos_libraries/freertos_plus/standard/freertos_plus_posix/source/FreeRTOS_POSIX_timer.c.obj
LOAD CMakeFiles/lvgl_guider.elf.dir/C_/NXP/GUI-Guider-Projects/NXP_watermachine/sdk/Core/source/freertos_libraries/freertos_plus/standard/freertos_plus_posix/source/FreeRTOS_POSIX_unistd.c.obj
LOAD CMakeFiles/lvgl_guider.elf.dir/C_/NXP/GUI-Guider-Projects/NXP_watermachine/sdk/Core/source/freertos_libraries/freertos_plus/standard/freertos_plus_posix/source/FreeRTOS_POSIX_utils.c.obj
LOAD CMakeFiles/lvgl_guider.elf.dir/C_/NXP/GUI-Guider-Projects/NXP_watermachine/sdk/Core/source/h264_dec.cpp.obj
LOAD CMakeFiles/lvgl_guider.elf.dir/C_/NXP/GUI-Guider-Projects/NXP_watermachine/sdk/Core/source/lvgl_demo_utils.c.obj
LOAD CMakeFiles/lvgl_guider.elf.dir/C_/NXP/GUI-Guider-Projects/NXP_watermachine/sdk/Core/source/lvgl_freertos.c.obj
LOAD CMakeFiles/lvgl_guider.elf.dir/C_/NXP/GUI-Guider-Projects/NXP_watermachine/sdk/Core/source/lvgl_guider.c.obj
LOAD CMakeFiles/lvgl_guider.elf.dir/C_/NXP/GUI-Guider-Projects/NXP_watermachine/sdk/Core/source/sdcard.c.obj
LOAD CMakeFiles/lvgl_guider.elf.dir/C_/NXP/GUI-Guider-Projects/NXP_watermachine/custom/custom.c.obj
LOAD CMakeFiles/lvgl_guider.elf.dir/C_/NXP/GUI-Guider-Projects/NXP_watermachine/generated/events_init.c.obj
LOAD CMakeFiles/lvgl_guider.elf.dir/C_/NXP/GUI-Guider-Projects/NXP_watermachine/generated/gui_guider.c.obj
LOAD CMakeFiles/lvgl_guider.elf.dir/C_/NXP/GUI-Guider-Projects/NXP_watermachine/generated/guider_fonts/lv_font_montserratMedium_12.c.obj
LOAD CMakeFiles/lvgl_guider.elf.dir/C_/NXP/GUI-Guider-Projects/NXP_watermachine/generated/guider_fonts/lv_font_montserratMedium_16.c.obj
LOAD CMakeFiles/lvgl_guider.elf.dir/C_/NXP/GUI-Guider-Projects/NXP_watermachine/generated/setup_scr_screen.c.obj
LOAD CMakeFiles/lvgl_guider.elf.dir/C_/NXP/GUI-Guider-Projects/NXP_watermachine/generated/setup_scr_screen_1.c.obj
LOAD CMakeFiles/lvgl_guider.elf.dir/C_/NXP/GUI-Guider-Projects/NXP_watermachine/generated/setup_scr_screen_2.c.obj
LOAD CMakeFiles/lvgl_guider.elf.dir/C_/NXP/GUI-Guider-Projects/NXP_watermachine/generated/setup_scr_screen_3.c.obj
LOAD CMakeFiles/lvgl_guider.elf.dir/C_/NXP/GUI-Guider-Projects/NXP_watermachine/generated/setup_scr_screen_4.c.obj
LOAD CMakeFiles/lvgl_guider.elf.dir/C_/NXP/GUI-Guider-Projects/NXP_watermachine/generated/widgets_init.c.obj
LOAD CMakeFiles/lvgl_guider.elf.dir/C_/NXP/GUI-Guider-Projects/NXP_watermachine/sdk/Core/component/gpio/fsl_adapter_igpio.c.obj
LOAD CMakeFiles/lvgl_guider.elf.dir/C_/NXP/GUI-Guider-Projects/NXP_watermachine/sdk/Core/component/lists/fsl_component_generic_list.c.obj
LOAD CMakeFiles/lvgl_guider.elf.dir/C_/NXP/GUI-Guider-Projects/NXP_watermachine/sdk/Core/component/uart/fsl_adapter_lpuart.c.obj
LOAD CMakeFiles/lvgl_guider.elf.dir/C_/NXP/GUI-Guider-Projects/NXP_watermachine/sdk/Core/component/osa/fsl_os_abstraction_free_rtos.c.obj
LOAD CMakeFiles/lvgl_guider.elf.dir/C_/NXP/GUI-Guider-Projects/NXP_watermachine/sdk/Core/component/serial_manager/fsl_component_serial_manager.c.obj
LOAD CMakeFiles/lvgl_guider.elf.dir/C_/NXP/GUI-Guider-Projects/NXP_watermachine/sdk/Core/component/serial_manager/fsl_component_serial_port_uart.c.obj
LOAD CMakeFiles/lvgl_guider.elf.dir/startup/startup_MIMXRT1062.S.obj
LOAD CMakeFiles/lvgl_guider.elf.dir/C_/NXP/GUI-Guider-Projects/NXP_watermachine/sdk/Core/device/system_MIMXRT1062.c.obj
LOAD CMakeFiles/lvgl_guider.elf.dir/C_/NXP/GUI-Guider-Projects/NXP_watermachine/sdk/Core/drivers/fsl_cache.c.obj
LOAD CMakeFiles/lvgl_guider.elf.dir/C_/NXP/GUI-Guider-Projects/NXP_watermachine/sdk/Core/drivers/fsl_clock.c.obj
LOAD CMakeFiles/lvgl_guider.elf.dir/C_/NXP/GUI-Guider-Projects/NXP_watermachine/sdk/Core/drivers/fsl_common.c.obj
LOAD CMakeFiles/lvgl_guider.elf.dir/C_/NXP/GUI-Guider-Projects/NXP_watermachine/sdk/Core/drivers/fsl_common_arm.c.obj
LOAD CMakeFiles/lvgl_guider.elf.dir/C_/NXP/GUI-Guider-Projects/NXP_watermachine/sdk/Core/drivers/fsl_elcdif.c.obj
LOAD CMakeFiles/lvgl_guider.elf.dir/C_/NXP/GUI-Guider-Projects/NXP_watermachine/sdk/Core/touchpanel/fsl_ft5406_rt.c.obj
LOAD CMakeFiles/lvgl_guider.elf.dir/C_/NXP/GUI-Guider-Projects/NXP_watermachine/sdk/Core/touchpanel/fsl_gt911.c.obj
LOAD CMakeFiles/lvgl_guider.elf.dir/C_/NXP/GUI-Guider-Projects/NXP_watermachine/sdk/Core/drivers/fsl_gpio.c.obj
LOAD CMakeFiles/lvgl_guider.elf.dir/C_/NXP/GUI-Guider-Projects/NXP_watermachine/sdk/Core/drivers/fsl_lpi2c.c.obj
LOAD CMakeFiles/lvgl_guider.elf.dir/C_/NXP/GUI-Guider-Projects/NXP_watermachine/sdk/Core/drivers/fsl_lpuart.c.obj
LOAD CMakeFiles/lvgl_guider.elf.dir/C_/NXP/GUI-Guider-Projects/NXP_watermachine/sdk/Core/drivers/fsl_pxp.c.obj
LOAD CMakeFiles/lvgl_guider.elf.dir/C_/NXP/GUI-Guider-Projects/NXP_watermachine/sdk/Core/drivers/fsl_usdhc.c.obj
LOAD CMakeFiles/lvgl_guider.elf.dir/C_/NXP/GUI-Guider-Projects/NXP_watermachine/sdk/Core/video/fsl_video_common.c.obj
LOAD CMakeFiles/lvgl_guider.elf.dir/C_/NXP/GUI-Guider-Projects/NXP_watermachine/sdk/Core/xip/evkbmimxrt1060_flexspi_nor_config.c.obj
LOAD CMakeFiles/lvgl_guider.elf.dir/C_/NXP/GUI-Guider-Projects/NXP_watermachine/sdk/Core/xip/fsl_flexspi_nor_boot.c.obj
LOAD CMakeFiles/lvgl_guider.elf.dir/C_/NXP/GUI-Guider-Projects/NXP_watermachine/sdk/Core/fatfs/source/diskio.c.obj
LOAD CMakeFiles/lvgl_guider.elf.dir/C_/NXP/GUI-Guider-Projects/NXP_watermachine/sdk/Core/fatfs/source/ff.c.obj
LOAD CMakeFiles/lvgl_guider.elf.dir/C_/NXP/GUI-Guider-Projects/NXP_watermachine/sdk/Core/fatfs/source/ffsystem.c.obj
LOAD CMakeFiles/lvgl_guider.elf.dir/C_/NXP/GUI-Guider-Projects/NXP_watermachine/sdk/Core/fatfs/source/ffunicode.c.obj
LOAD CMakeFiles/lvgl_guider.elf.dir/C_/NXP/GUI-Guider-Projects/NXP_watermachine/sdk/Core/fatfs/source/fsl_sd_disk/fsl_sd_disk.c.obj
LOAD CMakeFiles/lvgl_guider.elf.dir/C_/NXP/GUI-Guider-Projects/NXP_watermachine/sdk/Core/freertos/freertos-kernel/croutine.c.obj
LOAD CMakeFiles/lvgl_guider.elf.dir/C_/NXP/GUI-Guider-Projects/NXP_watermachine/sdk/Core/freertos/freertos-kernel/event_groups.c.obj
LOAD CMakeFiles/lvgl_guider.elf.dir/C_/NXP/GUI-Guider-Projects/NXP_watermachine/sdk/Core/freertos/freertos-kernel/list.c.obj
LOAD CMakeFiles/lvgl_guider.elf.dir/C_/NXP/GUI-Guider-Projects/NXP_watermachine/sdk/Core/freertos/freertos-kernel/queue.c.obj
LOAD CMakeFiles/lvgl_guider.elf.dir/C_/NXP/GUI-Guider-Projects/NXP_watermachine/sdk/Core/freertos/freertos-kernel/stream_buffer.c.obj
LOAD CMakeFiles/lvgl_guider.elf.dir/C_/NXP/GUI-Guider-Projects/NXP_watermachine/sdk/Core/freertos/freertos-kernel/tasks.c.obj
LOAD CMakeFiles/lvgl_guider.elf.dir/C_/NXP/GUI-Guider-Projects/NXP_watermachine/sdk/Core/freertos/freertos-kernel/timers.c.obj
LOAD CMakeFiles/lvgl_guider.elf.dir/C_/NXP/GUI-Guider-Projects/NXP_watermachine/sdk/Core/freertos/freertos-kernel/portable/GCC/ARM_CM4F/port.c.obj
LOAD CMakeFiles/lvgl_guider.elf.dir/C_/NXP/GUI-Guider-Projects/NXP_watermachine/sdk/Core/freertos/freertos-kernel/portable/MemMang/heap_4.c.obj
LOAD CMakeFiles/lvgl_guider.elf.dir/C_/NXP/GUI-Guider-Projects/NXP_watermachine/sdk/Core/lvgl/lvgl/src/core/lv_disp.c.obj
LOAD CMakeFiles/lvgl_guider.elf.dir/C_/NXP/GUI-Guider-Projects/NXP_watermachine/sdk/Core/lvgl/lvgl/src/core/lv_event.c.obj
LOAD CMakeFiles/lvgl_guider.elf.dir/C_/NXP/GUI-Guider-Projects/NXP_watermachine/sdk/Core/lvgl/lvgl/src/core/lv_group.c.obj
LOAD CMakeFiles/lvgl_guider.elf.dir/C_/NXP/GUI-Guider-Projects/NXP_watermachine/sdk/Core/lvgl/lvgl/src/core/lv_indev.c.obj
LOAD CMakeFiles/lvgl_guider.elf.dir/C_/NXP/GUI-Guider-Projects/NXP_watermachine/sdk/Core/lvgl/lvgl/src/core/lv_indev_scroll.c.obj
LOAD CMakeFiles/lvgl_guider.elf.dir/C_/NXP/GUI-Guider-Projects/NXP_watermachine/sdk/Core/lvgl/lvgl/src/core/lv_obj.c.obj
LOAD CMakeFiles/lvgl_guider.elf.dir/C_/NXP/GUI-Guider-Projects/NXP_watermachine/sdk/Core/lvgl/lvgl/src/core/lv_obj_class.c.obj
LOAD CMakeFiles/lvgl_guider.elf.dir/C_/NXP/GUI-Guider-Projects/NXP_watermachine/sdk/Core/lvgl/lvgl/src/core/lv_obj_draw.c.obj
LOAD CMakeFiles/lvgl_guider.elf.dir/C_/NXP/GUI-Guider-Projects/NXP_watermachine/sdk/Core/lvgl/lvgl/src/core/lv_obj_pos.c.obj
LOAD CMakeFiles/lvgl_guider.elf.dir/C_/NXP/GUI-Guider-Projects/NXP_watermachine/sdk/Core/lvgl/lvgl/src/core/lv_obj_scroll.c.obj
LOAD CMakeFiles/lvgl_guider.elf.dir/C_/NXP/GUI-Guider-Projects/NXP_watermachine/sdk/Core/lvgl/lvgl/src/core/lv_obj_style.c.obj
LOAD CMakeFiles/lvgl_guider.elf.dir/C_/NXP/GUI-Guider-Projects/NXP_watermachine/sdk/Core/lvgl/lvgl/src/core/lv_obj_style_gen.c.obj
LOAD CMakeFiles/lvgl_guider.elf.dir/C_/NXP/GUI-Guider-Projects/NXP_watermachine/sdk/Core/lvgl/lvgl/src/core/lv_obj_tree.c.obj
LOAD CMakeFiles/lvgl_guider.elf.dir/C_/NXP/GUI-Guider-Projects/NXP_watermachine/sdk/Core/lvgl/lvgl/src/core/lv_refr.c.obj
LOAD CMakeFiles/lvgl_guider.elf.dir/C_/NXP/GUI-Guider-Projects/NXP_watermachine/sdk/Core/lvgl/lvgl/src/core/lv_theme.c.obj
LOAD CMakeFiles/lvgl_guider.elf.dir/C_/NXP/GUI-Guider-Projects/NXP_watermachine/sdk/Core/lvgl/lvgl/src/draw/lv_draw.c.obj
LOAD CMakeFiles/lvgl_guider.elf.dir/C_/NXP/GUI-Guider-Projects/NXP_watermachine/sdk/Core/lvgl/lvgl/src/draw/lv_draw_layer.c.obj
LOAD CMakeFiles/lvgl_guider.elf.dir/C_/NXP/GUI-Guider-Projects/NXP_watermachine/sdk/Core/lvgl/lvgl/src/draw/lv_draw_transform.c.obj
LOAD CMakeFiles/lvgl_guider.elf.dir/C_/NXP/GUI-Guider-Projects/NXP_watermachine/sdk/Core/lvgl/lvgl/src/draw/lv_draw_arc.c.obj
LOAD CMakeFiles/lvgl_guider.elf.dir/C_/NXP/GUI-Guider-Projects/NXP_watermachine/sdk/Core/lvgl/lvgl/src/draw/lv_draw_img.c.obj
LOAD CMakeFiles/lvgl_guider.elf.dir/C_/NXP/GUI-Guider-Projects/NXP_watermachine/sdk/Core/lvgl/lvgl/src/draw/lv_draw_label.c.obj
LOAD CMakeFiles/lvgl_guider.elf.dir/C_/NXP/GUI-Guider-Projects/NXP_watermachine/sdk/Core/lvgl/lvgl/src/draw/lv_draw_line.c.obj
LOAD CMakeFiles/lvgl_guider.elf.dir/C_/NXP/GUI-Guider-Projects/NXP_watermachine/sdk/Core/lvgl/lvgl/src/draw/lv_draw_mask.c.obj
LOAD CMakeFiles/lvgl_guider.elf.dir/C_/NXP/GUI-Guider-Projects/NXP_watermachine/sdk/Core/lvgl/lvgl/src/draw/lv_draw_rect.c.obj
LOAD CMakeFiles/lvgl_guider.elf.dir/C_/NXP/GUI-Guider-Projects/NXP_watermachine/sdk/Core/lvgl/lvgl/src/draw/lv_draw_triangle.c.obj
LOAD CMakeFiles/lvgl_guider.elf.dir/C_/NXP/GUI-Guider-Projects/NXP_watermachine/sdk/Core/lvgl/lvgl/src/draw/lv_img_buf.c.obj
LOAD CMakeFiles/lvgl_guider.elf.dir/C_/NXP/GUI-Guider-Projects/NXP_watermachine/sdk/Core/lvgl/lvgl/src/draw/lv_img_cache.c.obj
LOAD CMakeFiles/lvgl_guider.elf.dir/C_/NXP/GUI-Guider-Projects/NXP_watermachine/sdk/Core/lvgl/lvgl/src/draw/lv_img_decoder.c.obj
LOAD CMakeFiles/lvgl_guider.elf.dir/C_/NXP/GUI-Guider-Projects/NXP_watermachine/sdk/Core/lvgl/lvgl/src/draw/nxp/pxp/lv_draw_pxp.c.obj
LOAD CMakeFiles/lvgl_guider.elf.dir/C_/NXP/GUI-Guider-Projects/NXP_watermachine/sdk/Core/lvgl/lvgl/src/draw/nxp/pxp/lv_draw_pxp_blend.c.obj
LOAD CMakeFiles/lvgl_guider.elf.dir/C_/NXP/GUI-Guider-Projects/NXP_watermachine/sdk/Core/lvgl/lvgl/src/draw/nxp/pxp/lv_gpu_nxp_pxp.c.obj
LOAD CMakeFiles/lvgl_guider.elf.dir/C_/NXP/GUI-Guider-Projects/NXP_watermachine/sdk/Core/lvgl/lvgl/src/draw/nxp/pxp/lv_gpu_nxp_pxp_osa.c.obj
LOAD CMakeFiles/lvgl_guider.elf.dir/C_/NXP/GUI-Guider-Projects/NXP_watermachine/sdk/Core/lvgl/lvgl/src/draw/nxp/vglite/lv_draw_vglite.c.obj
LOAD CMakeFiles/lvgl_guider.elf.dir/C_/NXP/GUI-Guider-Projects/NXP_watermachine/sdk/Core/lvgl/lvgl/src/draw/nxp/vglite/lv_draw_vglite_blend.c.obj
LOAD CMakeFiles/lvgl_guider.elf.dir/C_/NXP/GUI-Guider-Projects/NXP_watermachine/sdk/Core/lvgl/lvgl/src/draw/nxp/vglite/lv_draw_vglite_rect.c.obj
LOAD CMakeFiles/lvgl_guider.elf.dir/C_/NXP/GUI-Guider-Projects/NXP_watermachine/sdk/Core/lvgl/lvgl/src/draw/nxp/vglite/lv_draw_vglite_line.c.obj
LOAD CMakeFiles/lvgl_guider.elf.dir/C_/NXP/GUI-Guider-Projects/NXP_watermachine/sdk/Core/lvgl/lvgl/src/draw/nxp/vglite/lv_draw_vglite_arc.c.obj
LOAD CMakeFiles/lvgl_guider.elf.dir/C_/NXP/GUI-Guider-Projects/NXP_watermachine/sdk/Core/lvgl/lvgl/src/draw/nxp/vglite/lv_vglite_buf.c.obj
LOAD CMakeFiles/lvgl_guider.elf.dir/C_/NXP/GUI-Guider-Projects/NXP_watermachine/sdk/Core/lvgl/lvgl/src/draw/nxp/vglite/lv_vglite_utils.c.obj
LOAD CMakeFiles/lvgl_guider.elf.dir/C_/NXP/GUI-Guider-Projects/NXP_watermachine/sdk/Core/lvgl/lvgl/src/draw/sdl/lv_draw_sdl.c.obj
LOAD CMakeFiles/lvgl_guider.elf.dir/C_/NXP/GUI-Guider-Projects/NXP_watermachine/sdk/Core/lvgl/lvgl/src/draw/sdl/lv_draw_sdl_arc.c.obj
LOAD CMakeFiles/lvgl_guider.elf.dir/C_/NXP/GUI-Guider-Projects/NXP_watermachine/sdk/Core/lvgl/lvgl/src/draw/sdl/lv_draw_sdl_bg.c.obj
LOAD CMakeFiles/lvgl_guider.elf.dir/C_/NXP/GUI-Guider-Projects/NXP_watermachine/sdk/Core/lvgl/lvgl/src/draw/sdl/lv_draw_sdl_composite.c.obj
LOAD CMakeFiles/lvgl_guider.elf.dir/C_/NXP/GUI-Guider-Projects/NXP_watermachine/sdk/Core/lvgl/lvgl/src/draw/sdl/lv_draw_sdl_img.c.obj
LOAD CMakeFiles/lvgl_guider.elf.dir/C_/NXP/GUI-Guider-Projects/NXP_watermachine/sdk/Core/lvgl/lvgl/src/draw/sdl/lv_draw_sdl_label.c.obj
LOAD CMakeFiles/lvgl_guider.elf.dir/C_/NXP/GUI-Guider-Projects/NXP_watermachine/sdk/Core/lvgl/lvgl/src/draw/sdl/lv_draw_sdl_mask.c.obj
LOAD CMakeFiles/lvgl_guider.elf.dir/C_/NXP/GUI-Guider-Projects/NXP_watermachine/sdk/Core/lvgl/lvgl/src/draw/sdl/lv_draw_sdl_polygon.c.obj
LOAD CMakeFiles/lvgl_guider.elf.dir/C_/NXP/GUI-Guider-Projects/NXP_watermachine/sdk/Core/lvgl/lvgl/src/draw/sdl/lv_draw_sdl_rect.c.obj
LOAD CMakeFiles/lvgl_guider.elf.dir/C_/NXP/GUI-Guider-Projects/NXP_watermachine/sdk/Core/lvgl/lvgl/src/draw/sdl/lv_draw_sdl_stack_blur.c.obj
LOAD CMakeFiles/lvgl_guider.elf.dir/C_/NXP/GUI-Guider-Projects/NXP_watermachine/sdk/Core/lvgl/lvgl/src/draw/sdl/lv_draw_sdl_texture_cache.c.obj
LOAD CMakeFiles/lvgl_guider.elf.dir/C_/NXP/GUI-Guider-Projects/NXP_watermachine/sdk/Core/lvgl/lvgl/src/draw/sdl/lv_draw_sdl_utils.c.obj
LOAD CMakeFiles/lvgl_guider.elf.dir/C_/NXP/GUI-Guider-Projects/NXP_watermachine/sdk/Core/lvgl/lvgl/src/draw/sdl/lv_draw_sdl_line.c.obj
LOAD CMakeFiles/lvgl_guider.elf.dir/C_/NXP/GUI-Guider-Projects/NXP_watermachine/sdk/Core/lvgl/lvgl/src/draw/sdl/lv_draw_sdl_layer.c.obj
LOAD CMakeFiles/lvgl_guider.elf.dir/C_/NXP/GUI-Guider-Projects/NXP_watermachine/sdk/Core/lvgl/lvgl/src/draw/stm32_dma2d/lv_gpu_stm32_dma2d.c.obj
LOAD CMakeFiles/lvgl_guider.elf.dir/C_/NXP/GUI-Guider-Projects/NXP_watermachine/sdk/Core/lvgl/lvgl/src/draw/renesas/lv_gpu_d2_ra6m3.c.obj
LOAD CMakeFiles/lvgl_guider.elf.dir/C_/NXP/GUI-Guider-Projects/NXP_watermachine/sdk/Core/lvgl/lvgl/src/draw/renesas/lv_gpu_d2_draw_label.c.obj
LOAD CMakeFiles/lvgl_guider.elf.dir/C_/NXP/GUI-Guider-Projects/NXP_watermachine/sdk/Core/lvgl/lvgl/src/draw/sw/lv_draw_sw.c.obj
LOAD CMakeFiles/lvgl_guider.elf.dir/C_/NXP/GUI-Guider-Projects/NXP_watermachine/sdk/Core/lvgl/lvgl/src/draw/sw/lv_draw_sw_arc.c.obj
LOAD CMakeFiles/lvgl_guider.elf.dir/C_/NXP/GUI-Guider-Projects/NXP_watermachine/sdk/Core/lvgl/lvgl/src/draw/sw/lv_draw_sw_blend.c.obj
LOAD CMakeFiles/lvgl_guider.elf.dir/C_/NXP/GUI-Guider-Projects/NXP_watermachine/sdk/Core/lvgl/lvgl/src/draw/sw/lv_draw_sw_dither.c.obj
LOAD CMakeFiles/lvgl_guider.elf.dir/C_/NXP/GUI-Guider-Projects/NXP_watermachine/sdk/Core/lvgl/lvgl/src/draw/sw/lv_draw_sw_gradient.c.obj
LOAD CMakeFiles/lvgl_guider.elf.dir/C_/NXP/GUI-Guider-Projects/NXP_watermachine/sdk/Core/lvgl/lvgl/src/draw/sw/lv_draw_sw_img.c.obj
LOAD CMakeFiles/lvgl_guider.elf.dir/C_/NXP/GUI-Guider-Projects/NXP_watermachine/sdk/Core/lvgl/lvgl/src/draw/sw/lv_draw_sw_letter.c.obj
LOAD CMakeFiles/lvgl_guider.elf.dir/C_/NXP/GUI-Guider-Projects/NXP_watermachine/sdk/Core/lvgl/lvgl/src/draw/sw/lv_draw_sw_line.c.obj
LOAD CMakeFiles/lvgl_guider.elf.dir/C_/NXP/GUI-Guider-Projects/NXP_watermachine/sdk/Core/lvgl/lvgl/src/draw/sw/lv_draw_sw_polygon.c.obj
LOAD CMakeFiles/lvgl_guider.elf.dir/C_/NXP/GUI-Guider-Projects/NXP_watermachine/sdk/Core/lvgl/lvgl/src/draw/sw/lv_draw_sw_rect.c.obj
LOAD CMakeFiles/lvgl_guider.elf.dir/C_/NXP/GUI-Guider-Projects/NXP_watermachine/sdk/Core/lvgl/lvgl/src/draw/sw/lv_draw_sw_transform.c.obj
LOAD CMakeFiles/lvgl_guider.elf.dir/C_/NXP/GUI-Guider-Projects/NXP_watermachine/sdk/Core/lvgl/lvgl/src/draw/sw/lv_draw_sw_layer.c.obj
LOAD CMakeFiles/lvgl_guider.elf.dir/C_/NXP/GUI-Guider-Projects/NXP_watermachine/sdk/Core/lvgl/lvgl/src/font/lv_font.c.obj
LOAD CMakeFiles/lvgl_guider.elf.dir/C_/NXP/GUI-Guider-Projects/NXP_watermachine/sdk/Core/lvgl/lvgl/src/font/lv_font_dejavu_16_persian_hebrew.c.obj
LOAD CMakeFiles/lvgl_guider.elf.dir/C_/NXP/GUI-Guider-Projects/NXP_watermachine/sdk/Core/lvgl/lvgl/src/font/lv_font_fmt_txt.c.obj
LOAD CMakeFiles/lvgl_guider.elf.dir/C_/NXP/GUI-Guider-Projects/NXP_watermachine/sdk/Core/lvgl/lvgl/src/font/lv_font_loader.c.obj
LOAD CMakeFiles/lvgl_guider.elf.dir/C_/NXP/GUI-Guider-Projects/NXP_watermachine/sdk/Core/lvgl/lvgl/src/font/lv_font_montserrat_10.c.obj
LOAD CMakeFiles/lvgl_guider.elf.dir/C_/NXP/GUI-Guider-Projects/NXP_watermachine/sdk/Core/lvgl/lvgl/src/font/lv_font_montserrat_12.c.obj
LOAD CMakeFiles/lvgl_guider.elf.dir/C_/NXP/GUI-Guider-Projects/NXP_watermachine/sdk/Core/lvgl/lvgl/src/font/lv_font_montserrat_12_subpx.c.obj
LOAD CMakeFiles/lvgl_guider.elf.dir/C_/NXP/GUI-Guider-Projects/NXP_watermachine/sdk/Core/lvgl/lvgl/src/font/lv_font_montserrat_14.c.obj
LOAD CMakeFiles/lvgl_guider.elf.dir/C_/NXP/GUI-Guider-Projects/NXP_watermachine/sdk/Core/lvgl/lvgl/src/font/lv_font_montserrat_16.c.obj
LOAD CMakeFiles/lvgl_guider.elf.dir/C_/NXP/GUI-Guider-Projects/NXP_watermachine/sdk/Core/lvgl/lvgl/src/font/lv_font_montserrat_18.c.obj
LOAD CMakeFiles/lvgl_guider.elf.dir/C_/NXP/GUI-Guider-Projects/NXP_watermachine/sdk/Core/lvgl/lvgl/src/font/lv_font_montserrat_20.c.obj
LOAD CMakeFiles/lvgl_guider.elf.dir/C_/NXP/GUI-Guider-Projects/NXP_watermachine/sdk/Core/lvgl/lvgl/src/font/lv_font_montserrat_22.c.obj
LOAD CMakeFiles/lvgl_guider.elf.dir/C_/NXP/GUI-Guider-Projects/NXP_watermachine/sdk/Core/lvgl/lvgl/src/font/lv_font_montserrat_24.c.obj
LOAD CMakeFiles/lvgl_guider.elf.dir/C_/NXP/GUI-Guider-Projects/NXP_watermachine/sdk/Core/lvgl/lvgl/src/font/lv_font_montserrat_26.c.obj
LOAD CMakeFiles/lvgl_guider.elf.dir/C_/NXP/GUI-Guider-Projects/NXP_watermachine/sdk/Core/lvgl/lvgl/src/font/lv_font_montserrat_28.c.obj
LOAD CMakeFiles/lvgl_guider.elf.dir/C_/NXP/GUI-Guider-Projects/NXP_watermachine/sdk/Core/lvgl/lvgl/src/font/lv_font_montserrat_28_compressed.c.obj
LOAD CMakeFiles/lvgl_guider.elf.dir/C_/NXP/GUI-Guider-Projects/NXP_watermachine/sdk/Core/lvgl/lvgl/src/font/lv_font_montserrat_30.c.obj
LOAD CMakeFiles/lvgl_guider.elf.dir/C_/NXP/GUI-Guider-Projects/NXP_watermachine/sdk/Core/lvgl/lvgl/src/font/lv_font_montserrat_32.c.obj
LOAD CMakeFiles/lvgl_guider.elf.dir/C_/NXP/GUI-Guider-Projects/NXP_watermachine/sdk/Core/lvgl/lvgl/src/font/lv_font_montserrat_34.c.obj
LOAD CMakeFiles/lvgl_guider.elf.dir/C_/NXP/GUI-Guider-Projects/NXP_watermachine/sdk/Core/lvgl/lvgl/src/font/lv_font_montserrat_36.c.obj
LOAD CMakeFiles/lvgl_guider.elf.dir/C_/NXP/GUI-Guider-Projects/NXP_watermachine/sdk/Core/lvgl/lvgl/src/font/lv_font_montserrat_38.c.obj
LOAD CMakeFiles/lvgl_guider.elf.dir/C_/NXP/GUI-Guider-Projects/NXP_watermachine/sdk/Core/lvgl/lvgl/src/font/lv_font_montserrat_40.c.obj
LOAD CMakeFiles/lvgl_guider.elf.dir/C_/NXP/GUI-Guider-Projects/NXP_watermachine/sdk/Core/lvgl/lvgl/src/font/lv_font_montserrat_42.c.obj
LOAD CMakeFiles/lvgl_guider.elf.dir/C_/NXP/GUI-Guider-Projects/NXP_watermachine/sdk/Core/lvgl/lvgl/src/font/lv_font_montserrat_44.c.obj
LOAD CMakeFiles/lvgl_guider.elf.dir/C_/NXP/GUI-Guider-Projects/NXP_watermachine/sdk/Core/lvgl/lvgl/src/font/lv_font_montserrat_46.c.obj
LOAD CMakeFiles/lvgl_guider.elf.dir/C_/NXP/GUI-Guider-Projects/NXP_watermachine/sdk/Core/lvgl/lvgl/src/font/lv_font_montserrat_48.c.obj
LOAD CMakeFiles/lvgl_guider.elf.dir/C_/NXP/GUI-Guider-Projects/NXP_watermachine/sdk/Core/lvgl/lvgl/src/font/lv_font_montserrat_8.c.obj
LOAD CMakeFiles/lvgl_guider.elf.dir/C_/NXP/GUI-Guider-Projects/NXP_watermachine/sdk/Core/lvgl/lvgl/src/font/lv_font_simsun_16_cjk.c.obj
LOAD CMakeFiles/lvgl_guider.elf.dir/C_/NXP/GUI-Guider-Projects/NXP_watermachine/sdk/Core/lvgl/lvgl/src/font/lv_font_unscii_16.c.obj
LOAD CMakeFiles/lvgl_guider.elf.dir/C_/NXP/GUI-Guider-Projects/NXP_watermachine/sdk/Core/lvgl/lvgl/src/font/lv_font_unscii_8.c.obj
LOAD CMakeFiles/lvgl_guider.elf.dir/C_/NXP/GUI-Guider-Projects/NXP_watermachine/sdk/Core/lvgl/lvgl/src/hal/lv_hal_disp.c.obj
LOAD CMakeFiles/lvgl_guider.elf.dir/C_/NXP/GUI-Guider-Projects/NXP_watermachine/sdk/Core/lvgl/lvgl/src/hal/lv_hal_indev.c.obj
LOAD CMakeFiles/lvgl_guider.elf.dir/C_/NXP/GUI-Guider-Projects/NXP_watermachine/sdk/Core/lvgl/lvgl/src/hal/lv_hal_tick.c.obj
LOAD CMakeFiles/lvgl_guider.elf.dir/C_/NXP/GUI-Guider-Projects/NXP_watermachine/sdk/Core/lvgl/lvgl/src/misc/lv_anim.c.obj
LOAD CMakeFiles/lvgl_guider.elf.dir/C_/NXP/GUI-Guider-Projects/NXP_watermachine/sdk/Core/lvgl/lvgl/src/misc/lv_anim_timeline.c.obj
LOAD CMakeFiles/lvgl_guider.elf.dir/C_/NXP/GUI-Guider-Projects/NXP_watermachine/sdk/Core/lvgl/lvgl/src/misc/lv_area.c.obj
LOAD CMakeFiles/lvgl_guider.elf.dir/C_/NXP/GUI-Guider-Projects/NXP_watermachine/sdk/Core/lvgl/lvgl/src/misc/lv_async.c.obj
LOAD CMakeFiles/lvgl_guider.elf.dir/C_/NXP/GUI-Guider-Projects/NXP_watermachine/sdk/Core/lvgl/lvgl/src/misc/lv_bidi.c.obj
LOAD CMakeFiles/lvgl_guider.elf.dir/C_/NXP/GUI-Guider-Projects/NXP_watermachine/sdk/Core/lvgl/lvgl/src/misc/lv_color.c.obj
LOAD CMakeFiles/lvgl_guider.elf.dir/C_/NXP/GUI-Guider-Projects/NXP_watermachine/sdk/Core/lvgl/lvgl/src/misc/lv_fs.c.obj
LOAD CMakeFiles/lvgl_guider.elf.dir/C_/NXP/GUI-Guider-Projects/NXP_watermachine/sdk/Core/lvgl/lvgl/src/misc/lv_gc.c.obj
LOAD CMakeFiles/lvgl_guider.elf.dir/C_/NXP/GUI-Guider-Projects/NXP_watermachine/sdk/Core/lvgl/lvgl/src/misc/lv_ll.c.obj
LOAD CMakeFiles/lvgl_guider.elf.dir/C_/NXP/GUI-Guider-Projects/NXP_watermachine/sdk/Core/lvgl/lvgl/src/misc/lv_log.c.obj
LOAD CMakeFiles/lvgl_guider.elf.dir/C_/NXP/GUI-Guider-Projects/NXP_watermachine/sdk/Core/lvgl/lvgl/src/misc/lv_math.c.obj
LOAD CMakeFiles/lvgl_guider.elf.dir/C_/NXP/GUI-Guider-Projects/NXP_watermachine/sdk/Core/lvgl/lvgl/src/misc/lv_mem.c.obj
LOAD CMakeFiles/lvgl_guider.elf.dir/C_/NXP/GUI-Guider-Projects/NXP_watermachine/sdk/Core/lvgl/lvgl/src/misc/lv_printf.c.obj
LOAD CMakeFiles/lvgl_guider.elf.dir/C_/NXP/GUI-Guider-Projects/NXP_watermachine/sdk/Core/lvgl/lvgl/src/misc/lv_style.c.obj
LOAD CMakeFiles/lvgl_guider.elf.dir/C_/NXP/GUI-Guider-Projects/NXP_watermachine/sdk/Core/lvgl/lvgl/src/misc/lv_style_gen.c.obj
LOAD CMakeFiles/lvgl_guider.elf.dir/C_/NXP/GUI-Guider-Projects/NXP_watermachine/sdk/Core/lvgl/lvgl/src/misc/lv_templ.c.obj
LOAD CMakeFiles/lvgl_guider.elf.dir/C_/NXP/GUI-Guider-Projects/NXP_watermachine/sdk/Core/lvgl/lvgl/src/misc/lv_timer.c.obj
LOAD CMakeFiles/lvgl_guider.elf.dir/C_/NXP/GUI-Guider-Projects/NXP_watermachine/sdk/Core/lvgl/lvgl/src/misc/lv_tlsf.c.obj
LOAD CMakeFiles/lvgl_guider.elf.dir/C_/NXP/GUI-Guider-Projects/NXP_watermachine/sdk/Core/lvgl/lvgl/src/misc/lv_txt_ap.c.obj
LOAD CMakeFiles/lvgl_guider.elf.dir/C_/NXP/GUI-Guider-Projects/NXP_watermachine/sdk/Core/lvgl/lvgl/src/misc/lv_txt.c.obj
LOAD CMakeFiles/lvgl_guider.elf.dir/C_/NXP/GUI-Guider-Projects/NXP_watermachine/sdk/Core/lvgl/lvgl/src/misc/lv_utils.c.obj
LOAD CMakeFiles/lvgl_guider.elf.dir/C_/NXP/GUI-Guider-Projects/NXP_watermachine/sdk/Core/lvgl/lvgl/src/misc/lv_lru.c.obj
LOAD CMakeFiles/lvgl_guider.elf.dir/C_/NXP/GUI-Guider-Projects/NXP_watermachine/sdk/Core/lvgl/lvgl/src/widgets/lv_arc.c.obj
LOAD CMakeFiles/lvgl_guider.elf.dir/C_/NXP/GUI-Guider-Projects/NXP_watermachine/sdk/Core/lvgl/lvgl/src/widgets/lv_bar.c.obj
LOAD CMakeFiles/lvgl_guider.elf.dir/C_/NXP/GUI-Guider-Projects/NXP_watermachine/sdk/Core/lvgl/lvgl/src/widgets/lv_btn.c.obj
LOAD CMakeFiles/lvgl_guider.elf.dir/C_/NXP/GUI-Guider-Projects/NXP_watermachine/sdk/Core/lvgl/lvgl/src/widgets/lv_btnmatrix.c.obj
LOAD CMakeFiles/lvgl_guider.elf.dir/C_/NXP/GUI-Guider-Projects/NXP_watermachine/sdk/Core/lvgl/lvgl/src/widgets/lv_canvas.c.obj
LOAD CMakeFiles/lvgl_guider.elf.dir/C_/NXP/GUI-Guider-Projects/NXP_watermachine/sdk/Core/lvgl/lvgl/src/widgets/lv_checkbox.c.obj
LOAD CMakeFiles/lvgl_guider.elf.dir/C_/NXP/GUI-Guider-Projects/NXP_watermachine/sdk/Core/lvgl/lvgl/src/widgets/lv_dropdown.c.obj
LOAD CMakeFiles/lvgl_guider.elf.dir/C_/NXP/GUI-Guider-Projects/NXP_watermachine/sdk/Core/lvgl/lvgl/src/widgets/lv_img.c.obj
LOAD CMakeFiles/lvgl_guider.elf.dir/C_/NXP/GUI-Guider-Projects/NXP_watermachine/sdk/Core/lvgl/lvgl/src/widgets/lv_label.c.obj
LOAD CMakeFiles/lvgl_guider.elf.dir/C_/NXP/GUI-Guider-Projects/NXP_watermachine/sdk/Core/lvgl/lvgl/src/widgets/lv_line.c.obj
LOAD CMakeFiles/lvgl_guider.elf.dir/C_/NXP/GUI-Guider-Projects/NXP_watermachine/sdk/Core/lvgl/lvgl/src/widgets/lv_objx_templ.c.obj
LOAD CMakeFiles/lvgl_guider.elf.dir/C_/NXP/GUI-Guider-Projects/NXP_watermachine/sdk/Core/lvgl/lvgl/src/widgets/lv_roller.c.obj
LOAD CMakeFiles/lvgl_guider.elf.dir/C_/NXP/GUI-Guider-Projects/NXP_watermachine/sdk/Core/lvgl/lvgl/src/widgets/lv_slider.c.obj
LOAD CMakeFiles/lvgl_guider.elf.dir/C_/NXP/GUI-Guider-Projects/NXP_watermachine/sdk/Core/lvgl/lvgl/src/widgets/lv_switch.c.obj
LOAD CMakeFiles/lvgl_guider.elf.dir/C_/NXP/GUI-Guider-Projects/NXP_watermachine/sdk/Core/lvgl/lvgl/src/widgets/lv_table.c.obj
LOAD CMakeFiles/lvgl_guider.elf.dir/C_/NXP/GUI-Guider-Projects/NXP_watermachine/sdk/Core/lvgl/lvgl/src/widgets/lv_textarea.c.obj
LOAD CMakeFiles/lvgl_guider.elf.dir/C_/NXP/GUI-Guider-Projects/NXP_watermachine/sdk/Core/lvgl/lvgl/src/extra/layouts/flex/lv_flex.c.obj
LOAD CMakeFiles/lvgl_guider.elf.dir/C_/NXP/GUI-Guider-Projects/NXP_watermachine/sdk/Core/lvgl/lvgl/src/extra/layouts/grid/lv_grid.c.obj
LOAD CMakeFiles/lvgl_guider.elf.dir/C_/NXP/GUI-Guider-Projects/NXP_watermachine/sdk/Core/lvgl/lvgl/src/extra/libs/barcode/lv_barcode.c.obj
LOAD CMakeFiles/lvgl_guider.elf.dir/C_/NXP/GUI-Guider-Projects/NXP_watermachine/sdk/Core/lvgl/lvgl/src/extra/libs/barcode/code128.c.obj
LOAD CMakeFiles/lvgl_guider.elf.dir/C_/NXP/GUI-Guider-Projects/NXP_watermachine/sdk/Core/lvgl/lvgl/src/extra/libs/bmp/lv_bmp.c.obj
LOAD CMakeFiles/lvgl_guider.elf.dir/C_/NXP/GUI-Guider-Projects/NXP_watermachine/sdk/Core/lvgl/lvgl/src/extra/libs/freetype/lv_freetype.c.obj
LOAD CMakeFiles/lvgl_guider.elf.dir/C_/NXP/GUI-Guider-Projects/NXP_watermachine/sdk/Core/lvgl/lvgl/src/extra/libs/fsdrv/lv_fs_fatfs.c.obj
LOAD CMakeFiles/lvgl_guider.elf.dir/C_/NXP/GUI-Guider-Projects/NXP_watermachine/sdk/Core/lvgl/lvgl/src/extra/libs/fsdrv/lv_fs_rawfs.c.obj
LOAD CMakeFiles/lvgl_guider.elf.dir/C_/NXP/GUI-Guider-Projects/NXP_watermachine/sdk/Core/lvgl/lvgl/src/extra/libs/fsdrv/lv_fs_posix.c.obj
LOAD CMakeFiles/lvgl_guider.elf.dir/C_/NXP/GUI-Guider-Projects/NXP_watermachine/sdk/Core/lvgl/lvgl/src/extra/libs/fsdrv/lv_fs_stdio.c.obj
LOAD CMakeFiles/lvgl_guider.elf.dir/C_/NXP/GUI-Guider-Projects/NXP_watermachine/sdk/Core/lvgl/lvgl/src/extra/libs/fsdrv/lv_fs_win32.c.obj
LOAD CMakeFiles/lvgl_guider.elf.dir/C_/NXP/GUI-Guider-Projects/NXP_watermachine/sdk/Core/lvgl/lvgl/src/extra/libs/gif/gifdec.c.obj
LOAD CMakeFiles/lvgl_guider.elf.dir/C_/NXP/GUI-Guider-Projects/NXP_watermachine/sdk/Core/lvgl/lvgl/src/extra/libs/gif/lv_gif.c.obj
LOAD CMakeFiles/lvgl_guider.elf.dir/C_/NXP/GUI-Guider-Projects/NXP_watermachine/sdk/Core/lvgl/lvgl/src/extra/libs/png/lodepng.c.obj
LOAD CMakeFiles/lvgl_guider.elf.dir/C_/NXP/GUI-Guider-Projects/NXP_watermachine/sdk/Core/lvgl/lvgl/src/extra/libs/png/lv_png.c.obj
LOAD CMakeFiles/lvgl_guider.elf.dir/C_/NXP/GUI-Guider-Projects/NXP_watermachine/sdk/Core/lvgl/lvgl/src/extra/libs/qrcode/lv_qrcode.c.obj
LOAD CMakeFiles/lvgl_guider.elf.dir/C_/NXP/GUI-Guider-Projects/NXP_watermachine/sdk/Core/lvgl/lvgl/src/extra/libs/qrcode/qrcodegen.c.obj
LOAD CMakeFiles/lvgl_guider.elf.dir/C_/NXP/GUI-Guider-Projects/NXP_watermachine/sdk/Core/lvgl/lvgl/src/extra/libs/rlottie/lv_rlottie.c.obj
LOAD CMakeFiles/lvgl_guider.elf.dir/C_/NXP/GUI-Guider-Projects/NXP_watermachine/sdk/Core/lvgl/lvgl/src/extra/libs/sjpg/lv_sjpg.c.obj
LOAD CMakeFiles/lvgl_guider.elf.dir/C_/NXP/GUI-Guider-Projects/NXP_watermachine/sdk/Core/lvgl/lvgl/src/extra/libs/sjpg/tjpgd.c.obj
LOAD CMakeFiles/lvgl_guider.elf.dir/C_/NXP/GUI-Guider-Projects/NXP_watermachine/sdk/Core/lvgl/lvgl/src/extra/libs/ffmpeg/lv_ffmpeg.c.obj
LOAD CMakeFiles/lvgl_guider.elf.dir/C_/NXP/GUI-Guider-Projects/NXP_watermachine/sdk/Core/lvgl/lvgl/src/extra/lv_extra.c.obj
LOAD CMakeFiles/lvgl_guider.elf.dir/C_/NXP/GUI-Guider-Projects/NXP_watermachine/sdk/Core/lvgl/lvgl/src/extra/others/snapshot/lv_snapshot.c.obj
LOAD CMakeFiles/lvgl_guider.elf.dir/C_/NXP/GUI-Guider-Projects/NXP_watermachine/sdk/Core/lvgl/lvgl/src/extra/others/gridnav/lv_gridnav.c.obj
LOAD CMakeFiles/lvgl_guider.elf.dir/C_/NXP/GUI-Guider-Projects/NXP_watermachine/sdk/Core/lvgl/lvgl/src/extra/others/monkey/lv_monkey.c.obj
LOAD CMakeFiles/lvgl_guider.elf.dir/C_/NXP/GUI-Guider-Projects/NXP_watermachine/sdk/Core/lvgl/lvgl/src/extra/others/fragment/lv_fragment.c.obj
LOAD CMakeFiles/lvgl_guider.elf.dir/C_/NXP/GUI-Guider-Projects/NXP_watermachine/sdk/Core/lvgl/lvgl/src/extra/others/fragment/lv_fragment_manager.c.obj
LOAD CMakeFiles/lvgl_guider.elf.dir/C_/NXP/GUI-Guider-Projects/NXP_watermachine/sdk/Core/lvgl/lvgl/src/extra/others/ime/lv_ime_pinyin.c.obj
LOAD CMakeFiles/lvgl_guider.elf.dir/C_/NXP/GUI-Guider-Projects/NXP_watermachine/sdk/Core/lvgl/lvgl/src/extra/others/imgfont/lv_imgfont.c.obj
LOAD CMakeFiles/lvgl_guider.elf.dir/C_/NXP/GUI-Guider-Projects/NXP_watermachine/sdk/Core/lvgl/lvgl/src/extra/others/msg/lv_msg.c.obj
LOAD CMakeFiles/lvgl_guider.elf.dir/C_/NXP/GUI-Guider-Projects/NXP_watermachine/sdk/Core/lvgl/lvgl/src/extra/themes/basic/lv_theme_basic.c.obj
LOAD CMakeFiles/lvgl_guider.elf.dir/C_/NXP/GUI-Guider-Projects/NXP_watermachine/sdk/Core/lvgl/lvgl/src/extra/themes/default/lv_theme_default.c.obj
LOAD CMakeFiles/lvgl_guider.elf.dir/C_/NXP/GUI-Guider-Projects/NXP_watermachine/sdk/Core/lvgl/lvgl/src/extra/themes/mono/lv_theme_mono.c.obj
LOAD CMakeFiles/lvgl_guider.elf.dir/C_/NXP/GUI-Guider-Projects/NXP_watermachine/sdk/Core/lvgl/lvgl/src/extra/widgets/analogclock/lv_analogclock.c.obj
LOAD CMakeFiles/lvgl_guider.elf.dir/C_/NXP/GUI-Guider-Projects/NXP_watermachine/sdk/Core/lvgl/lvgl/src/extra/widgets/animimg/lv_animimg.c.obj
LOAD CMakeFiles/lvgl_guider.elf.dir/C_/NXP/GUI-Guider-Projects/NXP_watermachine/sdk/Core/lvgl/lvgl/src/extra/widgets/calendar/lv_calendar.c.obj
LOAD CMakeFiles/lvgl_guider.elf.dir/C_/NXP/GUI-Guider-Projects/NXP_watermachine/sdk/Core/lvgl/lvgl/src/extra/widgets/calendar/lv_calendar_header_arrow.c.obj
LOAD CMakeFiles/lvgl_guider.elf.dir/C_/NXP/GUI-Guider-Projects/NXP_watermachine/sdk/Core/lvgl/lvgl/src/extra/widgets/calendar/lv_calendar_header_dropdown.c.obj
LOAD CMakeFiles/lvgl_guider.elf.dir/C_/NXP/GUI-Guider-Projects/NXP_watermachine/sdk/Core/lvgl/lvgl/src/extra/widgets/carousel/lv_carousel.c.obj
LOAD CMakeFiles/lvgl_guider.elf.dir/C_/NXP/GUI-Guider-Projects/NXP_watermachine/sdk/Core/lvgl/lvgl/src/extra/widgets/chart/lv_chart.c.obj
LOAD CMakeFiles/lvgl_guider.elf.dir/C_/NXP/GUI-Guider-Projects/NXP_watermachine/sdk/Core/lvgl/lvgl/src/extra/widgets/colorwheel/lv_colorwheel.c.obj
LOAD CMakeFiles/lvgl_guider.elf.dir/C_/NXP/GUI-Guider-Projects/NXP_watermachine/sdk/Core/lvgl/lvgl/src/extra/widgets/dclock/lv_dclock.c.obj
LOAD CMakeFiles/lvgl_guider.elf.dir/C_/NXP/GUI-Guider-Projects/NXP_watermachine/sdk/Core/lvgl/lvgl/src/extra/widgets/imgbtn/lv_imgbtn.c.obj
LOAD CMakeFiles/lvgl_guider.elf.dir/C_/NXP/GUI-Guider-Projects/NXP_watermachine/sdk/Core/lvgl/lvgl/src/extra/widgets/keyboard/lv_keyboard.c.obj
LOAD CMakeFiles/lvgl_guider.elf.dir/C_/NXP/GUI-Guider-Projects/NXP_watermachine/sdk/Core/lvgl/lvgl/src/extra/widgets/keyboard/lv_zh_keyboard.c.obj
LOAD CMakeFiles/lvgl_guider.elf.dir/C_/NXP/GUI-Guider-Projects/NXP_watermachine/sdk/Core/lvgl/lvgl/src/extra/widgets/led/lv_led.c.obj
LOAD CMakeFiles/lvgl_guider.elf.dir/C_/NXP/GUI-Guider-Projects/NXP_watermachine/sdk/Core/lvgl/lvgl/src/extra/widgets/list/lv_list.c.obj
LOAD CMakeFiles/lvgl_guider.elf.dir/C_/NXP/GUI-Guider-Projects/NXP_watermachine/sdk/Core/lvgl/lvgl/src/extra/widgets/meter/lv_meter.c.obj
LOAD CMakeFiles/lvgl_guider.elf.dir/C_/NXP/GUI-Guider-Projects/NXP_watermachine/sdk/Core/lvgl/lvgl/src/extra/widgets/msgbox/lv_msgbox.c.obj
LOAD CMakeFiles/lvgl_guider.elf.dir/C_/NXP/GUI-Guider-Projects/NXP_watermachine/sdk/Core/lvgl/lvgl/src/extra/widgets/radiobtn/lv_radiobtn.c.obj
LOAD CMakeFiles/lvgl_guider.elf.dir/C_/NXP/GUI-Guider-Projects/NXP_watermachine/sdk/Core/lvgl/lvgl/src/extra/widgets/span/lv_span.c.obj
LOAD CMakeFiles/lvgl_guider.elf.dir/C_/NXP/GUI-Guider-Projects/NXP_watermachine/sdk/Core/lvgl/lvgl/src/extra/widgets/spinbox/lv_spinbox.c.obj
LOAD CMakeFiles/lvgl_guider.elf.dir/C_/NXP/GUI-Guider-Projects/NXP_watermachine/sdk/Core/lvgl/lvgl/src/extra/widgets/spinner/lv_spinner.c.obj
LOAD CMakeFiles/lvgl_guider.elf.dir/C_/NXP/GUI-Guider-Projects/NXP_watermachine/sdk/Core/lvgl/lvgl/src/extra/widgets/tabview/lv_tabview.c.obj
LOAD CMakeFiles/lvgl_guider.elf.dir/C_/NXP/GUI-Guider-Projects/NXP_watermachine/sdk/Core/lvgl/lvgl/src/extra/widgets/textprogress/lv_textprogress.c.obj
LOAD CMakeFiles/lvgl_guider.elf.dir/C_/NXP/GUI-Guider-Projects/NXP_watermachine/sdk/Core/lvgl/lvgl/src/extra/widgets/tileview/lv_tileview.c.obj
LOAD CMakeFiles/lvgl_guider.elf.dir/C_/NXP/GUI-Guider-Projects/NXP_watermachine/sdk/Core/lvgl/lvgl/src/extra/widgets/video/lv_video.c.obj
LOAD CMakeFiles/lvgl_guider.elf.dir/C_/NXP/GUI-Guider-Projects/NXP_watermachine/sdk/Core/lvgl/lvgl/src/extra/widgets/win/lv_win.c.obj
LOAD CMakeFiles/lvgl_guider.elf.dir/C_/NXP/GUI-Guider-Projects/NXP_watermachine/sdk/Core/lvgl/lvgl/src/extra/widgets/menu/lv_menu.c.obj
LOAD CMakeFiles/lvgl_guider.elf.dir/C_/NXP/GUI-Guider-Projects/NXP_watermachine/sdk/Core/sdmmc/src/fsl_sdmmc_common.c.obj
LOAD CMakeFiles/lvgl_guider.elf.dir/C_/NXP/GUI-Guider-Projects/NXP_watermachine/sdk/Core/sdmmc/host/fsl_sdmmc_host.c.obj
LOAD CMakeFiles/lvgl_guider.elf.dir/C_/NXP/GUI-Guider-Projects/NXP_watermachine/sdk/Core/sdmmc/osa/fsl_sdmmc_osa.c.obj
LOAD CMakeFiles/lvgl_guider.elf.dir/C_/NXP/GUI-Guider-Projects/NXP_watermachine/sdk/Core/sdmmc/src/fsl_sd.c.obj
LOAD CMakeFiles/lvgl_guider.elf.dir/C_/NXP/GUI-Guider-Projects/NXP_watermachine/sdk/Core/utilities/fsl_sbrk.c.obj
LOAD CMakeFiles/lvgl_guider.elf.dir/C_/NXP/GUI-Guider-Projects/NXP_watermachine/sdk/Core/utilities/fsl_syscall_stub.c.obj
LOAD CMakeFiles/lvgl_guider.elf.dir/C_/NXP/GUI-Guider-Projects/NXP_watermachine/sdk/Core/utilities/fsl_memcpy.S.obj
LOAD CMakeFiles/lvgl_guider.elf.dir/C_/NXP/GUI-Guider-Projects/NXP_watermachine/sdk/Core/utilities/fsl_assert.c.obj
LOAD CMakeFiles/lvgl_guider.elf.dir/C_/NXP/GUI-Guider-Projects/NXP_watermachine/sdk/Core/utilities/fsl_debug_console.c.obj
LOAD CMakeFiles/lvgl_guider.elf.dir/C_/NXP/GUI-Guider-Projects/NXP_watermachine/sdk/Core/utilities/fsl_str.c.obj
START GROUP
LOAD D:/TEMPD/NXP/MCUXpressoIDE_24.9.25/ide/tools/bin/../lib/gcc/arm-none-eabi/13.2.1/thumb/v7e-m+dp/hard\libgcc.a
LOAD D:/TEMPD/NXP/MCUXpressoIDE_24.9.25/ide/tools/bin/../lib/gcc/arm-none-eabi/13.2.1/thumb/v7e-m+dp/hard\libnosys.a
END GROUP
LOAD D:/TEMPD/NXP/MCUXpressoIDE_24.9.25/ide/tools/bin/../lib/gcc/arm-none-eabi/13.2.1/thumb/v7e-m+dp/hard\libstdc++_nano.a
LOAD D:/TEMPD/NXP/MCUXpressoIDE_24.9.25/ide/tools/bin/../lib/gcc/arm-none-eabi/13.2.1/thumb/v7e-m+dp/hard\libm.a
LOAD D:/TEMPD/NXP/MCUXpressoIDE_24.9.25/ide/tools/bin/../lib/gcc/arm-none-eabi/13.2.1/thumb/v7e-m+dp/hard\libc_nano.a
START GROUP
LOAD D:/TEMPD/NXP/MCUXpressoIDE_24.9.25/ide/tools/bin/../lib/gcc/arm-none-eabi/13.2.1/thumb/v7e-m+dp/hard\libgcc.a
LOAD D:/TEMPD/NXP/MCUXpressoIDE_24.9.25/ide/tools/bin/../lib/gcc/arm-none-eabi/13.2.1/thumb/v7e-m+dp/hard\libc_nano.a
END GROUP
START GROUP
LOAD D:/TEMPD/NXP/MCUXpressoIDE_24.9.25/ide/tools/bin/../lib/gcc/arm-none-eabi/13.2.1/thumb/v7e-m+dp/hard\libgcc.a
LOAD D:/TEMPD/NXP/MCUXpressoIDE_24.9.25/ide/tools/bin/../lib/gcc/arm-none-eabi/13.2.1/thumb/v7e-m+dp/hard\libc_nano.a
LOAD D:/TEMPD/NXP/MCUXpressoIDE_24.9.25/ide/tools/bin/../lib/gcc/arm-none-eabi/13.2.1/thumb/v7e-m+dp/hard\libnosys.a
END GROUP
START GROUP
LOAD D:/TEMPD/NXP/MCUXpressoIDE_24.9.25/ide/tools/bin/../lib/gcc/arm-none-eabi/13.2.1/thumb/v7e-m+dp/hard\libgcc.a
LOAD D:/TEMPD/NXP/MCUXpressoIDE_24.9.25/ide/tools/bin/../lib/gcc/arm-none-eabi/13.2.1/thumb/v7e-m+dp/hard\libc_nano.a
LOAD D:/TEMPD/NXP/MCUXpressoIDE_24.9.25/ide/tools/bin/../lib/gcc/arm-none-eabi/13.2.1/thumb/v7e-m+dp/hard\libnosys.a
END GROUP
LOAD D:/TEMPD/NXP/MCUXpressoIDE_24.9.25/ide/tools/bin/../lib/gcc/arm-none-eabi/13.2.1/thumb/v7e-m+dp/hard/crtend.o
LOAD D:/TEMPD/NXP/MCUXpressoIDE_24.9.25/ide/tools/bin/../lib/gcc/arm-none-eabi/13.2.1/thumb/v7e-m+dp/hard/crtn.o
                0x01800000                        HEAP_SIZE = DEFINED (__heap_size__)?__heap_size__:0x400
                0x00001000                        STACK_SIZE = DEFINED (__stack_size__)?__stack_size__:0x400
                0x00000000                        VECTOR_RAM_SIZE = DEFINED (__ram_vector_table__)?0x400:0x0
                0x80600000                        NCACHE_HEAP_START = DEFINED (__heap_noncacheable__)?(0x82000000 - HEAP_SIZE):(0x81e00000 - HEAP_SIZE)
                0x00000000                        NCACHE_HEAP_SIZE = DEFINED (__heap_noncacheable__)?HEAP_SIZE:0x0
                0x007fdc00                        TEXT_SIZE = DEFINED (__use_flash16MB__)?0xffdc00:0x7fdc00
                0x81e00000                        __NCACHE_REGION_START = ORIGIN (m_ncache)
                0x00200000                        __NCACHE_REGION_SIZE = (LENGTH (m_ncache) + NCACHE_HEAP_SIZE)

.flash_config   0x60000000      0x200
                0x60000000                        . = ALIGN (0x4)
                0x60000000                        __FLASH_BASE = .
 *(.boot_hdr.conf)
 .boot_hdr.conf
                0x60000000      0x200 CMakeFiles/lvgl_guider.elf.dir/C_/NXP/GUI-Guider-Projects/NXP_watermachine/sdk/Core/xip/evkbmimxrt1060_flexspi_nor_config.c.obj
                0x60000000                qspiflash_config
                0x60000200                        . = ALIGN (0x4)
                0x60001000                        ivt_begin = (ORIGIN (m_flash_config) + LENGTH (m_flash_config))

.ivt            0x60001000      0x440
                0x60001000                        . = ALIGN (0x4)
 *(.boot_hdr.ivt)
 .boot_hdr.ivt  0x60001000       0x20 CMakeFiles/lvgl_guider.elf.dir/C_/NXP/GUI-Guider-Projects/NXP_watermachine/sdk/Core/xip/fsl_flexspi_nor_boot.c.obj
                0x60001000                image_vector_table
 *(.boot_hdr.boot_data)
 .boot_hdr.boot_data
                0x60001020       0x10 CMakeFiles/lvgl_guider.elf.dir/C_/NXP/GUI-Guider-Projects/NXP_watermachine/sdk/Core/xip/fsl_flexspi_nor_boot.c.obj
                0x60001020                g_boot_data
 *(.boot_hdr.dcd_data)
 .boot_hdr.dcd_data
                0x60001030      0x410 CMakeFiles/lvgl_guider.elf.dir/C_/NXP/GUI-Guider-Projects/NXP_watermachine/sdk/Core/board/dcd.c.obj
                0x60001030                dcd_data
                0x60001440                        . = ALIGN (0x4)

.interrupts     0x60002000      0x400
                0x60002000                        __VECTOR_TABLE = .
                0x60002000                        __Vectors = .
                0x60002000                        . = ALIGN (0x4)
 *(.isr_vector)
 .isr_vector    0x60002000      0x400 CMakeFiles/lvgl_guider.elf.dir/startup/startup_MIMXRT1062.S.obj
                0x60002000                __isr_vector
                0x60002400                        . = ALIGN (0x4)

.text           0x60002400    0x33ca8
                0x60002400                        . = ALIGN (0x4)
 *(.text)
 .text          0x60002400       0x7c D:/TEMPD/NXP/MCUXpressoIDE_24.9.25/ide/tools/bin/../lib/gcc/arm-none-eabi/13.2.1/thumb/v7e-m+dp/hard/crt0.o
                0x60002400                _stack_init
                0x60002408                _start
                0x60002408                _mainCRTStartup
 .text          0x6000247c      0x274 CMakeFiles/lvgl_guider.elf.dir/startup/startup_MIMXRT1062.S.obj
                0x6000247c                Reset_Handler
                0x60002524                PWM1_3_IRQHandler
                0x60002524                FLEXSPI2_DriverIRQHandler
                0x60002524                LPSPI2_DriverIRQHandler
                0x60002524                SJC_IRQHandler
                0x60002524                ADC_ETC_IRQ0_IRQHandler
                0x60002524                DebugMon_Handler
                0x60002524                SAI3_RX_DriverIRQHandler
                0x60002524                PXP_IRQHandler
                0x60002524                DMA13_DMA29_DriverIRQHandler
                0x60002524                CTI1_ERROR_IRQHandler
                0x60002524                Reserved86_IRQHandler
                0x60002524                SRC_IRQHandler
                0x60002524                LPSPI4_DriverIRQHandler
                0x60002524                PWM3_FAULT_IRQHandler
                0x60002524                SPDIF_DriverIRQHandler
                0x60002524                GPIO1_INT2_IRQHandler
                0x60002524                CSI_IRQHandler
                0x60002524                ENET2_DriverIRQHandler
                0x60002524                SNVS_LP_WRAPPER_IRQHandler
                0x60002524                ENC2_IRQHandler
                0x60002524                PWM2_2_IRQHandler
                0x60002524                TRNG_IRQHandler
                0x60002524                PWM4_FAULT_IRQHandler
                0x60002524                TMR1_IRQHandler
                0x60002524                GPIO1_INT7_IRQHandler
                0x60002524                CCM_1_IRQHandler
                0x60002524                CAN1_DriverIRQHandler
                0x60002524                CAN3_DriverIRQHandler
                0x60002524                ADC_ETC_IRQ1_IRQHandler
                0x60002524                PWM4_0_IRQHandler
                0x60002524                DMA_ERROR_DriverIRQHandler
                0x60002524                ENC4_IRQHandler
                0x60002524                LPSPI3_DriverIRQHandler
                0x60002524                DMA7_DMA23_DriverIRQHandler
                0x60002524                CTI0_ERROR_IRQHandler
                0x60002524                PWM1_0_IRQHandler
                0x60002524                Reserved68_IRQHandler
                0x60002524                DMA15_DMA31_DriverIRQHandler
                0x60002524                USB_PHY2_IRQHandler
                0x60002524                BusFault_Handler
                0x60002524                TSC_DIG_IRQHandler
                0x60002524                ACMP1_IRQHandler
                0x60002524                DMA5_DMA21_DriverIRQHandler
                0x60002524                FLEXRAM_IRQHandler
                0x60002524                PWM2_0_IRQHandler
                0x60002524                DCP_VMI_IRQHandler
                0x60002524                GPT2_IRQHandler
                0x60002524                DMA14_DMA30_DriverIRQHandler
                0x60002524                ACMP2_IRQHandler
                0x60002524                ENET_1588_Timer_DriverIRQHandler
                0x60002524                FLEXIO3_DriverIRQHandler
                0x60002524                PWM2_1_IRQHandler
                0x60002524                SAI3_TX_DriverIRQHandler
                0x60002524                PWM2_FAULT_IRQHandler
                0x60002524                FLEXIO2_DriverIRQHandler
                0x60002524                SNVS_HP_WRAPPER_TZ_IRQHandler
                0x60002524                UsageFault_Handler
                0x60002524                WDOG1_IRQHandler
                0x60002524                XBAR1_IRQ_0_1_IRQHandler
                0x60002524                PMU_EVENT_IRQHandler
                0x60002524                GPT1_IRQHandler
                0x60002524                TMR3_IRQHandler
                0x60002524                PWM4_1_IRQHandler
                0x60002524                USB_OTG2_IRQHandler
                0x60002524                ACMP4_IRQHandler
                0x60002524                SEMC_IRQHandler
                0x60002524                DMA0_DMA16_DriverIRQHandler
                0x60002524                DefaultISR
                0x60002524                PWM1_1_IRQHandler
                0x60002524                Reserved143_IRQHandler
                0x60002524                DMA2_DMA18_DriverIRQHandler
                0x60002524                PWM3_0_IRQHandler
                0x60002524                PWM3_3_IRQHandler
                0x60002524                GPIO1_INT0_IRQHandler
                0x60002524                PWM1_FAULT_IRQHandler
                0x60002524                CSU_IRQHandler
                0x60002524                ENC1_IRQHandler
                0x60002524                ADC1_IRQHandler
                0x60002524                FLEXIO1_DriverIRQHandler
                0x60002524                ENET_DriverIRQHandler
                0x60002524                ACMP3_IRQHandler
                0x60002524                TMR4_IRQHandler
                0x60002524                RTWDOG_IRQHandler
                0x60002524                USB_PHY1_IRQHandler
                0x60002524                Reserved78_IRQHandler
                0x60002524                SAI1_DriverIRQHandler
                0x60002524                DMA12_DMA28_DriverIRQHandler
                0x60002524                ENC3_IRQHandler
                0x60002524                EWM_IRQHandler
                0x60002524                TEMP_LOW_HIGH_IRQHandler
                0x60002524                WDOG2_IRQHandler
                0x60002524                GPIO1_INT5_IRQHandler
                0x60002524                FLEXSPI_DriverIRQHandler
                0x60002524                DMA3_DMA19_DriverIRQHandler
                0x60002524                PWM3_1_IRQHandler
                0x60002524                PWM2_3_IRQHandler
                0x60002524                LPSPI1_DriverIRQHandler
                0x60002524                CORE_IRQHandler
                0x60002524                DMA9_DMA25_DriverIRQHandler
                0x60002524                GPIO1_INT3_IRQHandler
                0x60002524                DMA10_DMA26_DriverIRQHandler
                0x60002524                TEMP_PANIC_IRQHandler
                0x60002524                GPIO1_INT6_IRQHandler
                0x60002524                PWM1_2_IRQHandler
                0x60002524                Reserved144_IRQHandler
                0x60002524                GPR_IRQ_IRQHandler
                0x60002524                GPC_IRQHandler
                0x60002524                DCDC_IRQHandler
                0x60002524                PWM4_3_IRQHandler
                0x60002524                DMA4_DMA20_DriverIRQHandler
                0x60002524                DMA1_DMA17_DriverIRQHandler
                0x60002524                USB_OTG1_IRQHandler
                0x60002524                CAN2_DriverIRQHandler
                0x60002524                Reserved171_IRQHandler
                0x60002524                TMR2_IRQHandler
                0x60002524                ADC_ETC_ERROR_IRQ_IRQHandler
                0x60002524                DMA8_DMA24_DriverIRQHandler
                0x60002524                PWM4_2_IRQHandler
                0x60002524                DMA6_DMA22_DriverIRQHandler
                0x60002524                BEE_IRQHandler
                0x60002524                GPIO1_INT1_IRQHandler
                0x60002524                ENET2_1588_Timer_DriverIRQHandler
                0x60002524                ADC_ETC_IRQ2_IRQHandler
                0x60002524                GPIO1_INT4_IRQHandler
                0x60002524                CCM_2_IRQHandler
                0x60002524                KPP_IRQHandler
                0x60002524                DCP_IRQHandler
                0x60002524                ADC2_IRQHandler
                0x60002524                GPIO10_Combined_0_31_IRQHandler
                0x60002524                MemManage_Handler
                0x60002524                SAI2_DriverIRQHandler
                0x60002524                PWM3_2_IRQHandler
                0x60002524                PIT_IRQHandler
                0x60002524                Reserved115_IRQHandler
                0x60002524                SNVS_HP_WRAPPER_IRQHandler
                0x60002524                DMA11_DMA27_DriverIRQHandler
                0x60002524                XBAR1_IRQ_2_3_IRQHandler
                0x60002528                NMI_Handler
                0x6000252c                HardFault_Handler
                0x6000253c                DMA0_DMA16_IRQHandler
                0x60002540                DMA1_DMA17_IRQHandler
                0x60002544                DMA2_DMA18_IRQHandler
                0x60002548                DMA3_DMA19_IRQHandler
                0x6000254c                DMA4_DMA20_IRQHandler
                0x60002550                DMA5_DMA21_IRQHandler
                0x60002554                DMA6_DMA22_IRQHandler
                0x60002558                DMA7_DMA23_IRQHandler
                0x6000255c                DMA8_DMA24_IRQHandler
                0x60002560                DMA9_DMA25_IRQHandler
                0x60002564                DMA10_DMA26_IRQHandler
                0x60002568                DMA11_DMA27_IRQHandler
                0x6000256c                DMA12_DMA28_IRQHandler
                0x60002570                DMA13_DMA29_IRQHandler
                0x60002574                DMA14_DMA30_IRQHandler
                0x60002578                DMA15_DMA31_IRQHandler
                0x6000257c                DMA_ERROR_IRQHandler
                0x60002580                LPUART1_IRQHandler
                0x60002584                LPUART2_IRQHandler
                0x60002588                LPUART3_IRQHandler
                0x6000258c                LPUART4_IRQHandler
                0x60002590                LPUART5_IRQHandler
                0x60002594                LPUART6_IRQHandler
                0x60002598                LPUART7_IRQHandler
                0x6000259c                LPUART8_IRQHandler
                0x600025a0                LPI2C1_IRQHandler
                0x600025a4                LPI2C2_IRQHandler
                0x600025a8                LPI2C3_IRQHandler
                0x600025ac                LPI2C4_IRQHandler
                0x600025b0                LPSPI1_IRQHandler
                0x600025b4                LPSPI2_IRQHandler
                0x600025b8                LPSPI3_IRQHandler
                0x600025bc                LPSPI4_IRQHandler
                0x600025c0                CAN1_IRQHandler
                0x600025c4                CAN2_IRQHandler
                0x600025c8                SAI1_IRQHandler
                0x600025cc                SAI2_IRQHandler
                0x600025d0                SAI3_RX_IRQHandler
                0x600025d4                SAI3_TX_IRQHandler
                0x600025d8                SPDIF_IRQHandler
                0x600025dc                FLEXIO1_IRQHandler
                0x600025e0                FLEXIO2_IRQHandler
                0x600025e4                FLEXSPI2_IRQHandler
                0x600025e8                FLEXSPI_IRQHandler
                0x600025ec                USDHC1_IRQHandler
                0x600025f0                USDHC2_IRQHandler
                0x600025f4                ENET_IRQHandler
                0x600025f8                ENET_1588_Timer_IRQHandler
                0x600025fc                ENET2_IRQHandler
                0x60002600                ENET2_1588_Timer_IRQHandler
                0x60002604                CAN3_IRQHandler
                0x60002608                FLEXIO3_IRQHandler
 .text          0x600026f0       0xa0 CMakeFiles/lvgl_guider.elf.dir/C_/NXP/GUI-Guider-Projects/NXP_watermachine/sdk/Core/utilities/fsl_memcpy.S.obj
                0x600026f0                memcpy
 .text          0x60002790       0x30 D:/TEMPD/NXP/MCUXpressoIDE_24.9.25/ide/tools/bin/../lib/gcc/arm-none-eabi/13.2.1/thumb/v7e-m+dp/hard\libgcc.a(_aeabi_uldivmod.o)
                0x60002790                __aeabi_uldivmod
 .text          0x600027c0        0x4 D:/TEMPD/NXP/MCUXpressoIDE_24.9.25/ide/tools/bin/../lib/gcc/arm-none-eabi/13.2.1/thumb/v7e-m+dp/hard\libgcc.a(_dvmd_tls.o)
                0x600027c0                __aeabi_idiv0
                0x600027c0                __aeabi_ldiv0
 .text          0x600027c4       0x14 D:/TEMPD/NXP/MCUXpressoIDE_24.9.25/ide/tools/bin/../lib/gcc/arm-none-eabi/13.2.1/thumb/v7e-m+dp/hard\libc_nano.a(libc_a-strcmp.o)
                0x600027c4                strcmp
 .text          0x600027d8       0x10 D:/TEMPD/NXP/MCUXpressoIDE_24.9.25/ide/tools/bin/../lib/gcc/arm-none-eabi/13.2.1/thumb/v7e-m+dp/hard\libc_nano.a(libc_a-strlen.o)
                0x600027d8                strlen
 *(.text*)
 .text.deregister_tm_clones
                0x600027e8       0x1c D:/TEMPD/NXP/MCUXpressoIDE_24.9.25/ide/tools/bin/../lib/gcc/arm-none-eabi/13.2.1/thumb/v7e-m+dp/hard/crtbegin.o
 .text.register_tm_clones
                0x60002804       0x24 D:/TEMPD/NXP/MCUXpressoIDE_24.9.25/ide/tools/bin/../lib/gcc/arm-none-eabi/13.2.1/thumb/v7e-m+dp/hard/crtbegin.o
 .text.__do_global_dtors_aux
                0x60002828       0x28 D:/TEMPD/NXP/MCUXpressoIDE_24.9.25/ide/tools/bin/../lib/gcc/arm-none-eabi/13.2.1/thumb/v7e-m+dp/hard/crtbegin.o
 .text.frame_dummy
                0x60002850       0x24 D:/TEMPD/NXP/MCUXpressoIDE_24.9.25/ide/tools/bin/../lib/gcc/arm-none-eabi/13.2.1/thumb/v7e-m+dp/hard/crtbegin.o
 .text.BOARD_DebugConsoleSrcFreq
                0x60002874       0x60 CMakeFiles/lvgl_guider.elf.dir/C_/NXP/GUI-Guider-Projects/NXP_watermachine/sdk/Core/board/board.c.obj
                0x60002874                BOARD_DebugConsoleSrcFreq
 .text.BOARD_InitDebugConsole
                0x600028d4       0x18 CMakeFiles/lvgl_guider.elf.dir/C_/NXP/GUI-Guider-Projects/NXP_watermachine/sdk/Core/board/board.c.obj
                0x600028d4                BOARD_InitDebugConsole
 .text.BOARD_LPI2C_Init
                0x600028ec       0x2c CMakeFiles/lvgl_guider.elf.dir/C_/NXP/GUI-Guider-Projects/NXP_watermachine/sdk/Core/board/board.c.obj
                0x600028ec                BOARD_LPI2C_Init
 .text.BOARD_Touch_I2C_Send
                0x60002918       0x2c CMakeFiles/lvgl_guider.elf.dir/C_/NXP/GUI-Guider-Projects/NXP_watermachine/sdk/Core/board/board.c.obj
                0x60002918                BOARD_Touch_I2C_Send
 .text.BOARD_Touch_I2C_Receive
                0x60002944       0x30 CMakeFiles/lvgl_guider.elf.dir/C_/NXP/GUI-Guider-Projects/NXP_watermachine/sdk/Core/board/board.c.obj
                0x60002944                BOARD_Touch_I2C_Receive
 .text.BOARD_ConfigMPU
                0x60002974      0x284 CMakeFiles/lvgl_guider.elf.dir/C_/NXP/GUI-Guider-Projects/NXP_watermachine/sdk/Core/board/board.c.obj
                0x60002974                BOARD_ConfigMPU
 .text.BOARD_BootClockRUN
                0x60002bf8      0x898 CMakeFiles/lvgl_guider.elf.dir/C_/NXP/GUI-Guider-Projects/NXP_watermachine/sdk/Core/board/clock_config.c.obj
                0x60002bf8                BOARD_BootClockRUN
 .text.DEMO_ReadTouch
                0x60003490       0x54 CMakeFiles/lvgl_guider.elf.dir/C_/NXP/GUI-Guider-Projects/NXP_watermachine/sdk/Core/board/lvgl_support.c.obj
 .text.DEMO_FlushDisplay
                0x600034e4       0x50 CMakeFiles/lvgl_guider.elf.dir/C_/NXP/GUI-Guider-Projects/NXP_watermachine/sdk/Core/board/lvgl_support.c.obj
 .text.BOARD_PullTouchResetPin
                0x60003534       0x1c CMakeFiles/lvgl_guider.elf.dir/C_/NXP/GUI-Guider-Projects/NXP_watermachine/sdk/Core/board/lvgl_support.c.obj
 .text.BOARD_ConfigTouchIntPin
                0x60003550       0x3c CMakeFiles/lvgl_guider.elf.dir/C_/NXP/GUI-Guider-Projects/NXP_watermachine/sdk/Core/board/lvgl_support.c.obj
 .text.lv_port_pre_init
                0x6000358c        0x4 CMakeFiles/lvgl_guider.elf.dir/C_/NXP/GUI-Guider-Projects/NXP_watermachine/sdk/Core/board/lvgl_support.c.obj
                0x6000358c                lv_port_pre_init
 .text.lv_port_disp_init
                0x60003590      0x138 CMakeFiles/lvgl_guider.elf.dir/C_/NXP/GUI-Guider-Projects/NXP_watermachine/sdk/Core/board/lvgl_support.c.obj
                0x60003590                lv_port_disp_init
 .text.LCDIF_IRQHandler
                0x600036c8       0x5c CMakeFiles/lvgl_guider.elf.dir/C_/NXP/GUI-Guider-Projects/NXP_watermachine/sdk/Core/board/lvgl_support.c.obj
                0x600036c8                LCDIF_IRQHandler
 .text.lv_port_indev_init
                0x60003724       0xb4 CMakeFiles/lvgl_guider.elf.dir/C_/NXP/GUI-Guider-Projects/NXP_watermachine/sdk/Core/board/lvgl_support.c.obj
                0x60003724                lv_port_indev_init
 .text.BOARD_InitPins
                0x600037d8      0x140 CMakeFiles/lvgl_guider.elf.dir/C_/NXP/GUI-Guider-Projects/NXP_watermachine/sdk/Core/board/pin_mux.c.obj
                0x600037d8                BOARD_InitPins
 .text.BOARD_InitSemcPins
                0x60003918      0x12c CMakeFiles/lvgl_guider.elf.dir/C_/NXP/GUI-Guider-Projects/NXP_watermachine/sdk/Core/board/pin_mux.c.obj
                0x60003918                BOARD_InitSemcPins
 .text.BOARD_InitI2C1Pins
                0x60003a44       0x48 CMakeFiles/lvgl_guider.elf.dir/C_/NXP/GUI-Guider-Projects/NXP_watermachine/sdk/Core/board/pin_mux.c.obj
                0x60003a44                BOARD_InitI2C1Pins
 .text.DEMO_InitUsTimer
                0x60003a8c       0x14 CMakeFiles/lvgl_guider.elf.dir/C_/NXP/GUI-Guider-Projects/NXP_watermachine/sdk/Core/source/lvgl_demo_utils.c.obj
                0x60003a8c                DEMO_InitUsTimer
 .text.DEMO_GetCpuClockFreq
                0x60003aa0        0xc CMakeFiles/lvgl_guider.elf.dir/C_/NXP/GUI-Guider-Projects/NXP_watermachine/sdk/Core/source/lvgl_demo_utils.c.obj
                0x60003aa0                DEMO_GetCpuClockFreq
 .text.getIdleTaskTime
                0x60003aac       0x50 CMakeFiles/lvgl_guider.elf.dir/C_/NXP/GUI-Guider-Projects/NXP_watermachine/sdk/Core/source/lvgl_freertos.c.obj
                0x60003aac                getIdleTaskTime
 .text.resetIdleTaskTime
                0x60003afc       0x10 CMakeFiles/lvgl_guider.elf.dir/C_/NXP/GUI-Guider-Projects/NXP_watermachine/sdk/Core/source/lvgl_freertos.c.obj
                0x60003afc                resetIdleTaskTime
 .text.traceTaskSwitchedOut
                0x60003b0c       0x5c CMakeFiles/lvgl_guider.elf.dir/C_/NXP/GUI-Guider-Projects/NXP_watermachine/sdk/Core/source/lvgl_freertos.c.obj
                0x60003b0c                traceTaskSwitchedOut
 .text.traceTaskSwitchedIn
                0x60003b68       0x20 CMakeFiles/lvgl_guider.elf.dir/C_/NXP/GUI-Guider-Projects/NXP_watermachine/sdk/Core/source/lvgl_freertos.c.obj
                0x60003b68                traceTaskSwitchedIn
 .text.reset_idle_time_cb
                0x60003b88        0x4 CMakeFiles/lvgl_guider.elf.dir/C_/NXP/GUI-Guider-Projects/NXP_watermachine/sdk/Core/source/lvgl_guider.c.obj
 .text.get_idle_time_cb
                0x60003b8c       0x14 CMakeFiles/lvgl_guider.elf.dir/C_/NXP/GUI-Guider-Projects/NXP_watermachine/sdk/Core/source/lvgl_guider.c.obj
 .text.AppTask  0x60003ba0      0x138 CMakeFiles/lvgl_guider.elf.dir/C_/NXP/GUI-Guider-Projects/NXP_watermachine/sdk/Core/source/lvgl_guider.c.obj
 .text.startup.main
                0x60003cd8       0x60 CMakeFiles/lvgl_guider.elf.dir/C_/NXP/GUI-Guider-Projects/NXP_watermachine/sdk/Core/source/lvgl_guider.c.obj
                0x60003cd8                main
 .text.vApplicationMallocFailedHook
                0x60003d38       0x10 CMakeFiles/lvgl_guider.elf.dir/C_/NXP/GUI-Guider-Projects/NXP_watermachine/sdk/Core/source/lvgl_guider.c.obj
                0x60003d38                vApplicationMallocFailedHook
 .text.vApplicationTickHook
                0x60003d48       0x14 CMakeFiles/lvgl_guider.elf.dir/C_/NXP/GUI-Guider-Projects/NXP_watermachine/sdk/Core/source/lvgl_guider.c.obj
                0x60003d48                vApplicationTickHook
 .text.vApplicationStackOverflowHook
                0x60003d5c        0x4 CMakeFiles/lvgl_guider.elf.dir/C_/NXP/GUI-Guider-Projects/NXP_watermachine/sdk/Core/source/lvgl_guider.c.obj
                0x60003d5c                vApplicationStackOverflowHook
 .text.vApplicationGetIdleTaskMemory
                0x60003d60       0x1c CMakeFiles/lvgl_guider.elf.dir/C_/NXP/GUI-Guider-Projects/NXP_watermachine/sdk/Core/source/lvgl_guider.c.obj
                0x60003d60                vApplicationGetIdleTaskMemory
 .text.vApplicationGetTimerTaskMemory
                0x60003d7c       0x1c CMakeFiles/lvgl_guider.elf.dir/C_/NXP/GUI-Guider-Projects/NXP_watermachine/sdk/Core/source/lvgl_guider.c.obj
                0x60003d7c                vApplicationGetTimerTaskMemory
 .text.custom_init
                0x60003d98        0x4 CMakeFiles/lvgl_guider.elf.dir/C_/NXP/GUI-Guider-Projects/NXP_watermachine/custom/custom.c.obj
                0x60003d98                custom_init
 .text.screen_btn_1_event_handler
                0x60003d9c       0x44 CMakeFiles/lvgl_guider.elf.dir/C_/NXP/GUI-Guider-Projects/NXP_watermachine/generated/events_init.c.obj
 .text.events_init_screen
                0x60003de0       0x10 CMakeFiles/lvgl_guider.elf.dir/C_/NXP/GUI-Guider-Projects/NXP_watermachine/generated/events_init.c.obj
                0x60003de0                events_init_screen
 .text.events_init
                0x60003df0        0x4 CMakeFiles/lvgl_guider.elf.dir/C_/NXP/GUI-Guider-Projects/NXP_watermachine/generated/events_init.c.obj
                0x60003df0                events_init
 .text.ui_init_style
                0x60003df4       0x10 CMakeFiles/lvgl_guider.elf.dir/C_/NXP/GUI-Guider-Projects/NXP_watermachine/generated/gui_guider.c.obj
                0x60003df4                ui_init_style
 .text.ui_load_scr_animation
                0x60003e04       0x50 CMakeFiles/lvgl_guider.elf.dir/C_/NXP/GUI-Guider-Projects/NXP_watermachine/generated/gui_guider.c.obj
                0x60003e04                ui_load_scr_animation
 .text.setup_ui
                0x60003e54       0x28 CMakeFiles/lvgl_guider.elf.dir/C_/NXP/GUI-Guider-Projects/NXP_watermachine/generated/gui_guider.c.obj
                0x60003e54                setup_ui
 .text.setup_scr_screen
                0x60003e7c     0x1588 CMakeFiles/lvgl_guider.elf.dir/C_/NXP/GUI-Guider-Projects/NXP_watermachine/generated/setup_scr_screen.c.obj
                0x60003e7c                setup_scr_screen
 .text.setup_scr_screen_1
                0x60005404      0xf10 CMakeFiles/lvgl_guider.elf.dir/C_/NXP/GUI-Guider-Projects/NXP_watermachine/generated/setup_scr_screen_1.c.obj
                0x60005404                setup_scr_screen_1
 .text.HAL_GpioInterruptHandle
                0x60006314       0x78 CMakeFiles/lvgl_guider.elf.dir/C_/NXP/GUI-Guider-Projects/NXP_watermachine/sdk/Core/component/gpio/fsl_adapter_igpio.c.obj
 .text.GPIO1_Combined_0_15_IRQHandler
                0x6000638c       0x10 CMakeFiles/lvgl_guider.elf.dir/C_/NXP/GUI-Guider-Projects/NXP_watermachine/sdk/Core/component/gpio/fsl_adapter_igpio.c.obj
                0x6000638c                GPIO1_Combined_0_15_IRQHandler
 .text.GPIO1_Combined_16_31_IRQHandler
                0x6000639c       0x10 CMakeFiles/lvgl_guider.elf.dir/C_/NXP/GUI-Guider-Projects/NXP_watermachine/sdk/Core/component/gpio/fsl_adapter_igpio.c.obj
                0x6000639c                GPIO1_Combined_16_31_IRQHandler
 .text.GPIO2_Combined_0_15_IRQHandler
                0x600063ac       0x10 CMakeFiles/lvgl_guider.elf.dir/C_/NXP/GUI-Guider-Projects/NXP_watermachine/sdk/Core/component/gpio/fsl_adapter_igpio.c.obj
                0x600063ac                GPIO2_Combined_0_15_IRQHandler
 .text.GPIO2_Combined_16_31_IRQHandler
                0x600063bc       0x10 CMakeFiles/lvgl_guider.elf.dir/C_/NXP/GUI-Guider-Projects/NXP_watermachine/sdk/Core/component/gpio/fsl_adapter_igpio.c.obj
                0x600063bc                GPIO2_Combined_16_31_IRQHandler
 .text.GPIO3_Combined_0_15_IRQHandler
                0x600063cc       0x10 CMakeFiles/lvgl_guider.elf.dir/C_/NXP/GUI-Guider-Projects/NXP_watermachine/sdk/Core/component/gpio/fsl_adapter_igpio.c.obj
                0x600063cc                GPIO3_Combined_0_15_IRQHandler
 .text.GPIO3_Combined_16_31_IRQHandler
                0x600063dc       0x10 CMakeFiles/lvgl_guider.elf.dir/C_/NXP/GUI-Guider-Projects/NXP_watermachine/sdk/Core/component/gpio/fsl_adapter_igpio.c.obj
                0x600063dc                GPIO3_Combined_16_31_IRQHandler
 .text.GPIO4_Combined_0_15_IRQHandler
                0x600063ec       0x10 CMakeFiles/lvgl_guider.elf.dir/C_/NXP/GUI-Guider-Projects/NXP_watermachine/sdk/Core/component/gpio/fsl_adapter_igpio.c.obj
                0x600063ec                GPIO4_Combined_0_15_IRQHandler
 .text.GPIO4_Combined_16_31_IRQHandler
                0x600063fc       0x10 CMakeFiles/lvgl_guider.elf.dir/C_/NXP/GUI-Guider-Projects/NXP_watermachine/sdk/Core/component/gpio/fsl_adapter_igpio.c.obj
                0x600063fc                GPIO4_Combined_16_31_IRQHandler
 .text.GPIO5_Combined_0_15_IRQHandler
                0x6000640c       0x10 CMakeFiles/lvgl_guider.elf.dir/C_/NXP/GUI-Guider-Projects/NXP_watermachine/sdk/Core/component/gpio/fsl_adapter_igpio.c.obj
                0x6000640c                GPIO5_Combined_0_15_IRQHandler
 .text.GPIO5_Combined_16_31_IRQHandler
                0x6000641c       0x10 CMakeFiles/lvgl_guider.elf.dir/C_/NXP/GUI-Guider-Projects/NXP_watermachine/sdk/Core/component/gpio/fsl_adapter_igpio.c.obj
                0x6000641c                GPIO5_Combined_16_31_IRQHandler
 .text.GPIO6_7_8_9_IRQHandler
                0x6000642c       0x20 CMakeFiles/lvgl_guider.elf.dir/C_/NXP/GUI-Guider-Projects/NXP_watermachine/sdk/Core/component/gpio/fsl_adapter_igpio.c.obj
                0x6000642c                GPIO6_7_8_9_IRQHandler
 .text.HAL_UartInit
                0x6000644c       0x9c CMakeFiles/lvgl_guider.elf.dir/C_/NXP/GUI-Guider-Projects/NXP_watermachine/sdk/Core/component/uart/fsl_adapter_lpuart.c.obj
                0x6000644c                HAL_UartInit
 .text.HAL_UartSendBlocking
                0x600064e8       0x18 CMakeFiles/lvgl_guider.elf.dir/C_/NXP/GUI-Guider-Projects/NXP_watermachine/sdk/Core/component/uart/fsl_adapter_lpuart.c.obj
                0x600064e8                HAL_UartSendBlocking
 .text.SerialManager_Init
                0x60006500       0x2c CMakeFiles/lvgl_guider.elf.dir/C_/NXP/GUI-Guider-Projects/NXP_watermachine/sdk/Core/component/serial_manager/fsl_component_serial_manager.c.obj
                0x60006500                SerialManager_Init
 .text.SerialManager_OpenWriteHandle
                0x6000652c       0x28 CMakeFiles/lvgl_guider.elf.dir/C_/NXP/GUI-Guider-Projects/NXP_watermachine/sdk/Core/component/serial_manager/fsl_component_serial_manager.c.obj
                0x6000652c                SerialManager_OpenWriteHandle
 .text.SerialManager_OpenReadHandle
                0x60006554       0x30 CMakeFiles/lvgl_guider.elf.dir/C_/NXP/GUI-Guider-Projects/NXP_watermachine/sdk/Core/component/serial_manager/fsl_component_serial_manager.c.obj
                0x60006554                SerialManager_OpenReadHandle
 .text.SerialManager_WriteBlocking
                0x60006584       0x14 CMakeFiles/lvgl_guider.elf.dir/C_/NXP/GUI-Guider-Projects/NXP_watermachine/sdk/Core/component/serial_manager/fsl_component_serial_manager.c.obj
                0x60006584                SerialManager_WriteBlocking
 .text.Serial_UartInit
                0x60006598        0x4 CMakeFiles/lvgl_guider.elf.dir/C_/NXP/GUI-Guider-Projects/NXP_watermachine/sdk/Core/component/serial_manager/fsl_component_serial_port_uart.c.obj
                0x60006598                Serial_UartInit
 .text.Serial_UartWrite
                0x6000659c        0x4 CMakeFiles/lvgl_guider.elf.dir/C_/NXP/GUI-Guider-Projects/NXP_watermachine/sdk/Core/component/serial_manager/fsl_component_serial_port_uart.c.obj
                0x6000659c                Serial_UartWrite
 .text.SystemInitHook
                0x600065a0        0x4 CMakeFiles/lvgl_guider.elf.dir/C_/NXP/GUI-Guider-Projects/NXP_watermachine/sdk/Core/device/system_MIMXRT1062.c.obj
                0x600065a0                SystemInitHook
 .text.SystemInit
                0x600065a4       0xe0 CMakeFiles/lvgl_guider.elf.dir/C_/NXP/GUI-Guider-Projects/NXP_watermachine/sdk/Core/device/system_MIMXRT1062.c.obj
                0x600065a4                SystemInit
 .text.DCACHE_CleanInvalidateByRange
                0x60006684       0x2c CMakeFiles/lvgl_guider.elf.dir/C_/NXP/GUI-Guider-Projects/NXP_watermachine/sdk/Core/drivers/fsl_cache.c.obj
                0x60006684                DCACHE_CleanInvalidateByRange
 .text.CLOCK_InitExternalClk
                0x600066b0       0x34 CMakeFiles/lvgl_guider.elf.dir/C_/NXP/GUI-Guider-Projects/NXP_watermachine/sdk/Core/drivers/fsl_clock.c.obj
                0x600066b0                CLOCK_InitExternalClk
 .text.CLOCK_SwitchOsc
                0x600066e4       0x18 CMakeFiles/lvgl_guider.elf.dir/C_/NXP/GUI-Guider-Projects/NXP_watermachine/sdk/Core/drivers/fsl_clock.c.obj
                0x600066e4                CLOCK_SwitchOsc
 .text.CLOCK_InitRcOsc24M
                0x600066fc       0x14 CMakeFiles/lvgl_guider.elf.dir/C_/NXP/GUI-Guider-Projects/NXP_watermachine/sdk/Core/drivers/fsl_clock.c.obj
                0x600066fc                CLOCK_InitRcOsc24M
 .text.CLOCK_InitArmPll
                0x60006710       0x4c CMakeFiles/lvgl_guider.elf.dir/C_/NXP/GUI-Guider-Projects/NXP_watermachine/sdk/Core/drivers/fsl_clock.c.obj
                0x60006710                CLOCK_InitArmPll
 .text.CLOCK_DeinitUsb2Pll
                0x6000675c        0xc CMakeFiles/lvgl_guider.elf.dir/C_/NXP/GUI-Guider-Projects/NXP_watermachine/sdk/Core/drivers/fsl_clock.c.obj
                0x6000675c                CLOCK_DeinitUsb2Pll
 .text.CLOCK_DeinitAudioPll
                0x60006768       0x10 CMakeFiles/lvgl_guider.elf.dir/C_/NXP/GUI-Guider-Projects/NXP_watermachine/sdk/Core/drivers/fsl_clock.c.obj
                0x60006768                CLOCK_DeinitAudioPll
 .text.CLOCK_InitVideoPll
                0x60006778       0xc0 CMakeFiles/lvgl_guider.elf.dir/C_/NXP/GUI-Guider-Projects/NXP_watermachine/sdk/Core/drivers/fsl_clock.c.obj
                0x60006778                CLOCK_InitVideoPll
 .text.CLOCK_DeinitEnetPll
                0x60006838       0x10 CMakeFiles/lvgl_guider.elf.dir/C_/NXP/GUI-Guider-Projects/NXP_watermachine/sdk/Core/drivers/fsl_clock.c.obj
                0x60006838                CLOCK_DeinitEnetPll
 .text.CLOCK_GetPllFreq
                0x60006848      0x22c CMakeFiles/lvgl_guider.elf.dir/C_/NXP/GUI-Guider-Projects/NXP_watermachine/sdk/Core/drivers/fsl_clock.c.obj
                0x60006848                CLOCK_GetPllFreq
 .text.CLOCK_GetPeriphClkFreq
                0x60006a74       0xe8 CMakeFiles/lvgl_guider.elf.dir/C_/NXP/GUI-Guider-Projects/NXP_watermachine/sdk/Core/drivers/fsl_clock.c.obj
 .text.CLOCK_GetSemcFreq
                0x60006b5c       0x74 CMakeFiles/lvgl_guider.elf.dir/C_/NXP/GUI-Guider-Projects/NXP_watermachine/sdk/Core/drivers/fsl_clock.c.obj
                0x60006b5c                CLOCK_GetSemcFreq
 .text.CLOCK_GetPerClkFreq
                0x60006bd0       0x5c CMakeFiles/lvgl_guider.elf.dir/C_/NXP/GUI-Guider-Projects/NXP_watermachine/sdk/Core/drivers/fsl_clock.c.obj
                0x60006bd0                CLOCK_GetPerClkFreq
 .text.CLOCK_GetFreq
                0x60006c2c      0x2bc CMakeFiles/lvgl_guider.elf.dir/C_/NXP/GUI-Guider-Projects/NXP_watermachine/sdk/Core/drivers/fsl_clock.c.obj
                0x60006c2c                CLOCK_GetFreq
 .text.MSDK_EnableCpuCycleCounter
                0x60006ee8       0x30 CMakeFiles/lvgl_guider.elf.dir/C_/NXP/GUI-Guider-Projects/NXP_watermachine/sdk/Core/drivers/fsl_common_arm.c.obj
                0x60006ee8                MSDK_EnableCpuCycleCounter
 .text.MSDK_GetCpuCycleCount
                0x60006f18        0xc CMakeFiles/lvgl_guider.elf.dir/C_/NXP/GUI-Guider-Projects/NXP_watermachine/sdk/Core/drivers/fsl_common_arm.c.obj
                0x60006f18                MSDK_GetCpuCycleCount
 .text.ELCDIF_RgbModeInit
                0x60006f24       0xec CMakeFiles/lvgl_guider.elf.dir/C_/NXP/GUI-Guider-Projects/NXP_watermachine/sdk/Core/drivers/fsl_elcdif.c.obj
                0x60006f24                ELCDIF_RgbModeInit
 .text.GT911_ReadRawTouchData
                0x60007010       0x78 CMakeFiles/lvgl_guider.elf.dir/C_/NXP/GUI-Guider-Projects/NXP_watermachine/sdk/Core/touchpanel/fsl_gt911.c.obj
 .text.GT911_Init
                0x60007088      0x18c CMakeFiles/lvgl_guider.elf.dir/C_/NXP/GUI-Guider-Projects/NXP_watermachine/sdk/Core/touchpanel/fsl_gt911.c.obj
                0x60007088                GT911_Init
 .text.GT911_GetSingleTouch
                0x60007214       0x38 CMakeFiles/lvgl_guider.elf.dir/C_/NXP/GUI-Guider-Projects/NXP_watermachine/sdk/Core/touchpanel/fsl_gt911.c.obj
                0x60007214                GT911_GetSingleTouch
 .text.GT911_GetResolution
                0x6000724c       0x18 CMakeFiles/lvgl_guider.elf.dir/C_/NXP/GUI-Guider-Projects/NXP_watermachine/sdk/Core/touchpanel/fsl_gt911.c.obj
                0x6000724c                GT911_GetResolution
 .text.GPIO_PinWrite
                0x60007264       0x14 CMakeFiles/lvgl_guider.elf.dir/C_/NXP/GUI-Guider-Projects/NXP_watermachine/sdk/Core/drivers/fsl_gpio.c.obj
                0x60007264                GPIO_PinWrite
 .text.GPIO_PinSetInterruptConfig
                0x60007278       0x88 CMakeFiles/lvgl_guider.elf.dir/C_/NXP/GUI-Guider-Projects/NXP_watermachine/sdk/Core/drivers/fsl_gpio.c.obj
                0x60007278                GPIO_PinSetInterruptConfig
 .text.GPIO_PinInit
                0x60007300       0x90 CMakeFiles/lvgl_guider.elf.dir/C_/NXP/GUI-Guider-Projects/NXP_watermachine/sdk/Core/drivers/fsl_gpio.c.obj
                0x60007300                GPIO_PinInit
 .text.LPI2C_MasterCheckAndClearError
                0x60007390       0x68 CMakeFiles/lvgl_guider.elf.dir/C_/NXP/GUI-Guider-Projects/NXP_watermachine/sdk/Core/drivers/fsl_lpi2c.c.obj
                0x60007390                LPI2C_MasterCheckAndClearError
 .text.LPI2C_MasterGetDefaultConfig
                0x600073f8       0x2c CMakeFiles/lvgl_guider.elf.dir/C_/NXP/GUI-Guider-Projects/NXP_watermachine/sdk/Core/drivers/fsl_lpi2c.c.obj
                0x600073f8                LPI2C_MasterGetDefaultConfig
 .text.LPI2C_MasterSetBaudRate
                0x60007424      0x180 CMakeFiles/lvgl_guider.elf.dir/C_/NXP/GUI-Guider-Projects/NXP_watermachine/sdk/Core/drivers/fsl_lpi2c.c.obj
                0x60007424                LPI2C_MasterSetBaudRate
 .text.LPI2C_MasterInit
                0x600075a4      0x220 CMakeFiles/lvgl_guider.elf.dir/C_/NXP/GUI-Guider-Projects/NXP_watermachine/sdk/Core/drivers/fsl_lpi2c.c.obj
                0x600075a4                LPI2C_MasterInit
 .text.LPI2C_MasterStop
                0x600077c4       0xac CMakeFiles/lvgl_guider.elf.dir/C_/NXP/GUI-Guider-Projects/NXP_watermachine/sdk/Core/drivers/fsl_lpi2c.c.obj
                0x600077c4                LPI2C_MasterStop
 .text.LPI2C_MasterReceive
                0x60007870       0x74 CMakeFiles/lvgl_guider.elf.dir/C_/NXP/GUI-Guider-Projects/NXP_watermachine/sdk/Core/drivers/fsl_lpi2c.c.obj
                0x60007870                LPI2C_MasterReceive
 .text.LPI2C_MasterSend
                0x600078e4       0xa4 CMakeFiles/lvgl_guider.elf.dir/C_/NXP/GUI-Guider-Projects/NXP_watermachine/sdk/Core/drivers/fsl_lpi2c.c.obj
                0x600078e4                LPI2C_MasterSend
 .text.LPI2C_MasterTransferBlocking
                0x60007988      0x23c CMakeFiles/lvgl_guider.elf.dir/C_/NXP/GUI-Guider-Projects/NXP_watermachine/sdk/Core/drivers/fsl_lpi2c.c.obj
                0x60007988                LPI2C_MasterTransferBlocking
 .text.LPI2C1_DriverIRQHandler
                0x60007bc4       0x48 CMakeFiles/lvgl_guider.elf.dir/C_/NXP/GUI-Guider-Projects/NXP_watermachine/sdk/Core/drivers/fsl_lpi2c.c.obj
                0x60007bc4                LPI2C1_DriverIRQHandler
 .text.LPI2C2_DriverIRQHandler
                0x60007c0c       0x48 CMakeFiles/lvgl_guider.elf.dir/C_/NXP/GUI-Guider-Projects/NXP_watermachine/sdk/Core/drivers/fsl_lpi2c.c.obj
                0x60007c0c                LPI2C2_DriverIRQHandler
 .text.LPI2C3_DriverIRQHandler
                0x60007c54       0x48 CMakeFiles/lvgl_guider.elf.dir/C_/NXP/GUI-Guider-Projects/NXP_watermachine/sdk/Core/drivers/fsl_lpi2c.c.obj
                0x60007c54                LPI2C3_DriverIRQHandler
 .text.LPI2C4_DriverIRQHandler
                0x60007c9c       0x48 CMakeFiles/lvgl_guider.elf.dir/C_/NXP/GUI-Guider-Projects/NXP_watermachine/sdk/Core/drivers/fsl_lpi2c.c.obj
                0x60007c9c                LPI2C4_DriverIRQHandler
 .text.LPUART_Init
                0x60007ce4      0x1e4 CMakeFiles/lvgl_guider.elf.dir/C_/NXP/GUI-Guider-Projects/NXP_watermachine/sdk/Core/drivers/fsl_lpuart.c.obj
                0x60007ce4                LPUART_Init
 .text.LPUART_GetDefaultConfig
                0x60007ec8       0x20 CMakeFiles/lvgl_guider.elf.dir/C_/NXP/GUI-Guider-Projects/NXP_watermachine/sdk/Core/drivers/fsl_lpuart.c.obj
                0x60007ec8                LPUART_GetDefaultConfig
 .text.LPUART_WriteBlocking
                0x60007ee8       0x20 CMakeFiles/lvgl_guider.elf.dir/C_/NXP/GUI-Guider-Projects/NXP_watermachine/sdk/Core/drivers/fsl_lpuart.c.obj
                0x60007ee8                LPUART_WriteBlocking
 .text.LPUART1_DriverIRQHandler
                0x60007f08       0x20 CMakeFiles/lvgl_guider.elf.dir/C_/NXP/GUI-Guider-Projects/NXP_watermachine/sdk/Core/drivers/fsl_lpuart.c.obj
                0x60007f08                LPUART1_DriverIRQHandler
 .text.LPUART2_DriverIRQHandler
                0x60007f28       0x20 CMakeFiles/lvgl_guider.elf.dir/C_/NXP/GUI-Guider-Projects/NXP_watermachine/sdk/Core/drivers/fsl_lpuart.c.obj
                0x60007f28                LPUART2_DriverIRQHandler
 .text.LPUART3_DriverIRQHandler
                0x60007f48       0x20 CMakeFiles/lvgl_guider.elf.dir/C_/NXP/GUI-Guider-Projects/NXP_watermachine/sdk/Core/drivers/fsl_lpuart.c.obj
                0x60007f48                LPUART3_DriverIRQHandler
 .text.LPUART4_DriverIRQHandler
                0x60007f68       0x20 CMakeFiles/lvgl_guider.elf.dir/C_/NXP/GUI-Guider-Projects/NXP_watermachine/sdk/Core/drivers/fsl_lpuart.c.obj
                0x60007f68                LPUART4_DriverIRQHandler
 .text.LPUART5_DriverIRQHandler
                0x60007f88       0x20 CMakeFiles/lvgl_guider.elf.dir/C_/NXP/GUI-Guider-Projects/NXP_watermachine/sdk/Core/drivers/fsl_lpuart.c.obj
                0x60007f88                LPUART5_DriverIRQHandler
 .text.LPUART6_DriverIRQHandler
                0x60007fa8       0x20 CMakeFiles/lvgl_guider.elf.dir/C_/NXP/GUI-Guider-Projects/NXP_watermachine/sdk/Core/drivers/fsl_lpuart.c.obj
                0x60007fa8                LPUART6_DriverIRQHandler
 .text.LPUART7_DriverIRQHandler
                0x60007fc8       0x20 CMakeFiles/lvgl_guider.elf.dir/C_/NXP/GUI-Guider-Projects/NXP_watermachine/sdk/Core/drivers/fsl_lpuart.c.obj
                0x60007fc8                LPUART7_DriverIRQHandler
 .text.LPUART8_DriverIRQHandler
                0x60007fe8       0x20 CMakeFiles/lvgl_guider.elf.dir/C_/NXP/GUI-Guider-Projects/NXP_watermachine/sdk/Core/drivers/fsl_lpuart.c.obj
                0x60007fe8                LPUART8_DriverIRQHandler
 .text.USDHC1_DriverIRQHandler
                0x60008008       0x20 CMakeFiles/lvgl_guider.elf.dir/C_/NXP/GUI-Guider-Projects/NXP_watermachine/sdk/Core/drivers/fsl_usdhc.c.obj
                0x60008008                USDHC1_DriverIRQHandler
 .text.USDHC2_DriverIRQHandler
                0x60008028       0x20 CMakeFiles/lvgl_guider.elf.dir/C_/NXP/GUI-Guider-Projects/NXP_watermachine/sdk/Core/drivers/fsl_usdhc.c.obj
                0x60008028                USDHC2_DriverIRQHandler
 .text.VIDEO_DelayMs
                0x60008048       0x24 CMakeFiles/lvgl_guider.elf.dir/C_/NXP/GUI-Guider-Projects/NXP_watermachine/sdk/Core/video/fsl_video_common.c.obj
                0x60008048                VIDEO_DelayMs
 .text.vListInitialise
                0x6000806c       0x18 CMakeFiles/lvgl_guider.elf.dir/C_/NXP/GUI-Guider-Projects/NXP_watermachine/sdk/Core/freertos/freertos-kernel/list.c.obj
                0x6000806c                vListInitialise
 .text.vListInitialiseItem
                0x60008084        0x8 CMakeFiles/lvgl_guider.elf.dir/C_/NXP/GUI-Guider-Projects/NXP_watermachine/sdk/Core/freertos/freertos-kernel/list.c.obj
                0x60008084                vListInitialiseItem
 .text.vListInsert
                0x6000808c       0x30 CMakeFiles/lvgl_guider.elf.dir/C_/NXP/GUI-Guider-Projects/NXP_watermachine/sdk/Core/freertos/freertos-kernel/list.c.obj
                0x6000808c                vListInsert
 .text.uxListRemove
                0x600080bc       0x28 CMakeFiles/lvgl_guider.elf.dir/C_/NXP/GUI-Guider-Projects/NXP_watermachine/sdk/Core/freertos/freertos-kernel/list.c.obj
                0x600080bc                uxListRemove
 .text.prvUnlockQueue
                0x600080e4       0x8c CMakeFiles/lvgl_guider.elf.dir/C_/NXP/GUI-Guider-Projects/NXP_watermachine/sdk/Core/freertos/freertos-kernel/queue.c.obj
 .text.xQueueGenericReset
                0x60008170       0xa0 CMakeFiles/lvgl_guider.elf.dir/C_/NXP/GUI-Guider-Projects/NXP_watermachine/sdk/Core/freertos/freertos-kernel/queue.c.obj
                0x60008170                xQueueGenericReset
 .text.xQueueGenericCreateStatic
                0x60008210       0x80 CMakeFiles/lvgl_guider.elf.dir/C_/NXP/GUI-Guider-Projects/NXP_watermachine/sdk/Core/freertos/freertos-kernel/queue.c.obj
                0x60008210                xQueueGenericCreateStatic
 .text.xQueueGenericCreate
                0x60008290       0x60 CMakeFiles/lvgl_guider.elf.dir/C_/NXP/GUI-Guider-Projects/NXP_watermachine/sdk/Core/freertos/freertos-kernel/queue.c.obj
                0x60008290                xQueueGenericCreate
 .text.xQueueGiveFromISR
                0x600082f0       0xc8 CMakeFiles/lvgl_guider.elf.dir/C_/NXP/GUI-Guider-Projects/NXP_watermachine/sdk/Core/freertos/freertos-kernel/queue.c.obj
                0x600082f0                xQueueGiveFromISR
 .text.xQueueReceive
                0x600083b8      0x174 CMakeFiles/lvgl_guider.elf.dir/C_/NXP/GUI-Guider-Projects/NXP_watermachine/sdk/Core/freertos/freertos-kernel/queue.c.obj
                0x600083b8                xQueueReceive
 .text.xQueueSemaphoreTake
                0x6000852c      0x19c CMakeFiles/lvgl_guider.elf.dir/C_/NXP/GUI-Guider-Projects/NXP_watermachine/sdk/Core/freertos/freertos-kernel/queue.c.obj
                0x6000852c                xQueueSemaphoreTake
 .text.vQueueAddToRegistry
                0x600086c8       0x5c CMakeFiles/lvgl_guider.elf.dir/C_/NXP/GUI-Guider-Projects/NXP_watermachine/sdk/Core/freertos/freertos-kernel/queue.c.obj
                0x600086c8                vQueueAddToRegistry
 .text.vQueueWaitForMessageRestricted
                0x60008724       0x50 CMakeFiles/lvgl_guider.elf.dir/C_/NXP/GUI-Guider-Projects/NXP_watermachine/sdk/Core/freertos/freertos-kernel/queue.c.obj
                0x60008724                vQueueWaitForMessageRestricted
 .text.prvAddNewTaskToReadyList
                0x60008774      0x12c CMakeFiles/lvgl_guider.elf.dir/C_/NXP/GUI-Guider-Projects/NXP_watermachine/sdk/Core/freertos/freertos-kernel/tasks.c.obj
 .text.prvAddCurrentTaskToDelayedList
                0x600088a0       0xac CMakeFiles/lvgl_guider.elf.dir/C_/NXP/GUI-Guider-Projects/NXP_watermachine/sdk/Core/freertos/freertos-kernel/tasks.c.obj
 .text.prvInitialiseNewTask.constprop.0
                0x6000894c       0xa4 CMakeFiles/lvgl_guider.elf.dir/C_/NXP/GUI-Guider-Projects/NXP_watermachine/sdk/Core/freertos/freertos-kernel/tasks.c.obj
 .text.prvIdleTask
                0x600089f0       0x98 CMakeFiles/lvgl_guider.elf.dir/C_/NXP/GUI-Guider-Projects/NXP_watermachine/sdk/Core/freertos/freertos-kernel/tasks.c.obj
 .text.xTaskIncrementTick.part.0
                0x60008a88      0x17c CMakeFiles/lvgl_guider.elf.dir/C_/NXP/GUI-Guider-Projects/NXP_watermachine/sdk/Core/freertos/freertos-kernel/tasks.c.obj
 .text.xTaskResumeAll.part.0
                0x60008c04      0x18c CMakeFiles/lvgl_guider.elf.dir/C_/NXP/GUI-Guider-Projects/NXP_watermachine/sdk/Core/freertos/freertos-kernel/tasks.c.obj
 .text.xTaskCreateStatic
                0x60008d90       0x90 CMakeFiles/lvgl_guider.elf.dir/C_/NXP/GUI-Guider-Projects/NXP_watermachine/sdk/Core/freertos/freertos-kernel/tasks.c.obj
                0x60008d90                xTaskCreateStatic
 .text.xTaskCreate
                0x60008e20       0x68 CMakeFiles/lvgl_guider.elf.dir/C_/NXP/GUI-Guider-Projects/NXP_watermachine/sdk/Core/freertos/freertos-kernel/tasks.c.obj
                0x60008e20                xTaskCreate
 .text.vTaskDelay
                0x60008e88       0x68 CMakeFiles/lvgl_guider.elf.dir/C_/NXP/GUI-Guider-Projects/NXP_watermachine/sdk/Core/freertos/freertos-kernel/tasks.c.obj
                0x60008e88                vTaskDelay
 .text.vTaskStartScheduler
                0x60008ef0       0xa4 CMakeFiles/lvgl_guider.elf.dir/C_/NXP/GUI-Guider-Projects/NXP_watermachine/sdk/Core/freertos/freertos-kernel/tasks.c.obj
                0x60008ef0                vTaskStartScheduler
 .text.vTaskSuspendAll
                0x60008f94       0x10 CMakeFiles/lvgl_guider.elf.dir/C_/NXP/GUI-Guider-Projects/NXP_watermachine/sdk/Core/freertos/freertos-kernel/tasks.c.obj
                0x60008f94                vTaskSuspendAll
 .text.xTaskResumeAll
                0x60008fa4       0x2c CMakeFiles/lvgl_guider.elf.dir/C_/NXP/GUI-Guider-Projects/NXP_watermachine/sdk/Core/freertos/freertos-kernel/tasks.c.obj
                0x60008fa4                xTaskResumeAll
 .text.xTaskGetTickCount
                0x60008fd0        0xc CMakeFiles/lvgl_guider.elf.dir/C_/NXP/GUI-Guider-Projects/NXP_watermachine/sdk/Core/freertos/freertos-kernel/tasks.c.obj
                0x60008fd0                xTaskGetTickCount
 .text.uxTaskGetNumberOfTasks
                0x60008fdc        0xc CMakeFiles/lvgl_guider.elf.dir/C_/NXP/GUI-Guider-Projects/NXP_watermachine/sdk/Core/freertos/freertos-kernel/tasks.c.obj
                0x60008fdc                uxTaskGetNumberOfTasks
 .text.xTaskGetIdleTaskHandle
                0x60008fe8       0x20 CMakeFiles/lvgl_guider.elf.dir/C_/NXP/GUI-Guider-Projects/NXP_watermachine/sdk/Core/freertos/freertos-kernel/tasks.c.obj
                0x60008fe8                xTaskGetIdleTaskHandle
 .text.xTaskIncrementTick
                0x60009008       0x28 CMakeFiles/lvgl_guider.elf.dir/C_/NXP/GUI-Guider-Projects/NXP_watermachine/sdk/Core/freertos/freertos-kernel/tasks.c.obj
                0x60009008                xTaskIncrementTick
 .text.vTaskSwitchContext
                0x60009030       0xa8 CMakeFiles/lvgl_guider.elf.dir/C_/NXP/GUI-Guider-Projects/NXP_watermachine/sdk/Core/freertos/freertos-kernel/tasks.c.obj
                0x60009030                vTaskSwitchContext
 .text.vTaskPlaceOnEventList
                0x600090d8       0x34 CMakeFiles/lvgl_guider.elf.dir/C_/NXP/GUI-Guider-Projects/NXP_watermachine/sdk/Core/freertos/freertos-kernel/tasks.c.obj
                0x600090d8                vTaskPlaceOnEventList
 .text.vTaskPlaceOnEventListRestricted
                0x6000910c       0x60 CMakeFiles/lvgl_guider.elf.dir/C_/NXP/GUI-Guider-Projects/NXP_watermachine/sdk/Core/freertos/freertos-kernel/tasks.c.obj
                0x6000910c                vTaskPlaceOnEventListRestricted
 .text.xTaskRemoveFromEventList
                0x6000916c       0xe8 CMakeFiles/lvgl_guider.elf.dir/C_/NXP/GUI-Guider-Projects/NXP_watermachine/sdk/Core/freertos/freertos-kernel/tasks.c.obj
                0x6000916c                xTaskRemoveFromEventList
 .text.vTaskInternalSetTimeOutState
                0x60009254       0x18 CMakeFiles/lvgl_guider.elf.dir/C_/NXP/GUI-Guider-Projects/NXP_watermachine/sdk/Core/freertos/freertos-kernel/tasks.c.obj
                0x60009254                vTaskInternalSetTimeOutState
 .text.xTaskCheckForTimeOut
                0x6000926c       0x84 CMakeFiles/lvgl_guider.elf.dir/C_/NXP/GUI-Guider-Projects/NXP_watermachine/sdk/Core/freertos/freertos-kernel/tasks.c.obj
                0x6000926c                xTaskCheckForTimeOut
 .text.vTaskMissedYield
                0x600092f0        0xc CMakeFiles/lvgl_guider.elf.dir/C_/NXP/GUI-Guider-Projects/NXP_watermachine/sdk/Core/freertos/freertos-kernel/tasks.c.obj
                0x600092f0                vTaskMissedYield
 .text.xTaskGetCurrentTaskHandle
                0x600092fc        0xc CMakeFiles/lvgl_guider.elf.dir/C_/NXP/GUI-Guider-Projects/NXP_watermachine/sdk/Core/freertos/freertos-kernel/tasks.c.obj
                0x600092fc                xTaskGetCurrentTaskHandle
 .text.xTaskGetSchedulerState
                0x60009308       0x20 CMakeFiles/lvgl_guider.elf.dir/C_/NXP/GUI-Guider-Projects/NXP_watermachine/sdk/Core/freertos/freertos-kernel/tasks.c.obj
                0x60009308                xTaskGetSchedulerState
 .text.xTaskPriorityInherit
                0x60009328       0xa4 CMakeFiles/lvgl_guider.elf.dir/C_/NXP/GUI-Guider-Projects/NXP_watermachine/sdk/Core/freertos/freertos-kernel/tasks.c.obj
                0x60009328                xTaskPriorityInherit
 .text.vTaskPriorityDisinheritAfterTimeout
                0x600093cc       0xb4 CMakeFiles/lvgl_guider.elf.dir/C_/NXP/GUI-Guider-Projects/NXP_watermachine/sdk/Core/freertos/freertos-kernel/tasks.c.obj
                0x600093cc                vTaskPriorityDisinheritAfterTimeout
 .text.pvTaskIncrementMutexHeldCount
                0x60009480       0x14 CMakeFiles/lvgl_guider.elf.dir/C_/NXP/GUI-Guider-Projects/NXP_watermachine/sdk/Core/freertos/freertos-kernel/tasks.c.obj
                0x60009480                pvTaskIncrementMutexHeldCount
 .text.prvCheckForValidListAndQueue