C:/NXP/GUI-Guider-Projects/NXP_watermachine/sdk/Core/lvgl/lvgl/src/misc/lv_color.h:595:26:lv_color_make	16	static
C:/NXP/GUI-Guider-Projects/NXP_watermachine/sdk/Core/source/lvgl_guider.c:45:17:get_idle_time_cb	8	static
C:/NXP/GUI-Guider-Projects/NXP_watermachine/sdk/Core/source/lvgl_guider.c:50:13:reset_idle_time_cb	8	static
C:/NXP/GUI-Guider-Projects/NXP_watermachine/sdk/Core/source/lvgl_guider.c:55:13:AppTask	64	static
C:/NXP/GUI-Guider-Projects/NXP_watermachine/sdk/Core/source/lvgl_guider.c:194:5:main	24	static
C:/NXP/GUI-Guider-Projects/NXP_watermachine/sdk/Core/source/lvgl_guider.c:248:6:vApplicationMallocFailedHook	8	static
C:/NXP/GUI-Guider-Projects/NXP_watermachine/sdk/Core/source/lvgl_guider.c:259:6:vApplicationTickHook	8	static
C:/NXP/GUI-Guider-Projects/NXP_watermachine/sdk/Core/source/lvgl_guider.c:270:6:vApplicationStackOverflowHook	16	static
C:/NXP/GUI-Guider-Projects/NXP_watermachine/sdk/Core/source/lvgl_guider.c:279:6:vApplicationGetIdleTaskMemory	24	static
C:/NXP/GUI-Guider-Projects/NXP_watermachine/sdk/Core/source/lvgl_guider.c:306:6:vApplicationGetTimerTaskMemory	24	static
